<html>
<body>
<pre>
<h1>µVision Build Log</h1>
<h2>Tool Versions:</h2>
IDE-Version: ¦ÌVision V5.38.0.0
Copyright (C) 2022 ARM Ltd and ARM Germany GmbH. All rights reserved.
License Information: 12 21
12
User-based license: Software Success Kit (Early Access)
Valid until: Mar 31 2025. Cached until: Jul 10 2024
 
Tool Versions:
Toolchain:       Software Success Kit (Early Access)  Version: 5.38.0.0
Toolchain Path:  D:\App\MDK\AC\622\Bin
C Compiler:      ArmClang.exe V6.22
Assembler:       Armasm.exe V6.22
Linker/Locator:  ArmLink.exe V6.22
Library Manager: ArmAr.exe V6.22
Hex Converter:   FromElf.exe V6.22
CPU DLL:         
Dialog DLL:      
Target DLL:      Segger\JL2CM3.dll V2.99.42.0
Dialog DLL:      TCM.DLL V1.56.4.0
 
<h2>Project:</h2>
D:\Project\MutiRepo\beeSDK\subsys\wearable\coda_J10\ram_proj_240619_v4\ram_proj\keil_proj\bb2ultra_ram.uvprojx
Project File Date:  07/03/2024

<h2>Output:</h2>
*** Using Compiler 'V6.22', folder: 'D:\App\MDK\AC\622\Bin'
Build target 'TEST_ROM'
Before Build - User command #2: before_build.bat && echo IMEcmd.exe /c D:\App\MDK\AC\622\include\..\bin\fromelf.exe --bin -o "app.bin" "D:\Project\MutiRepo\beeSDK\subsys\wearable\coda_J10\ram_proj_240619_v4\ram_proj\keil_proj\Objects\app.axf" && D:\App\MDK\AC\622\include\..\bin\fromelf.exe -acd --interleave=source -o "app.disasm" "D:\Project\MutiRepo\beeSDK\subsys\wearable\coda_J10\ram_proj_240619_v4\ram_proj\keil_proj\Objects\app.axf"
16:59:20.69
IMEcmd.exe /c D:\App\MDK\AC\622\include\..\bin\fromelf.exe --bin -o "app.bin" "D:\Project\MutiRepo\beeSDK\subsys\wearable\coda_J10\ram_proj_240619_v4\ram_proj\keil_proj\Objects\app.axf" 
compiling jpeg_decoder.c...
linking...
Program Size: Code=54130 RO-data=4566 RW-data=6020 ZI-data=133028  
After Build - User command #2: after_build.bat D:\App\MDK\AC\622\include D:\Project\MutiRepo\beeSDK\subsys\wearable\coda_J10\ram_proj_240619_v4\ram_proj\keil_proj\Objects\app.axf app bb2ultra_ram && echo IMESARMV8M.DLL
D:\Project\MutiRepo\beeSDK\subsys\wearable\coda_J10\ram_proj_240619_v4\ram_proj\keil_proj>D:\App\MDK\AC\622\include\..\bin\fromelf.exe --bin -o  bin\ "D:\Project\MutiRepo\beeSDK\subsys\wearable\coda_J10\ram_proj_240619_v4\ram_proj\keil_proj\Objects\app.axf" 
D:\Project\MutiRepo\beeSDK\subsys\wearable\coda_J10\ram_proj_240619_v4\ram_proj\keil_proj>D:\App\MDK\AC\622\include\..\bin\fromelf.exe -acd --interleave=source -o "bin\app.disasm" "D:\Project\MutiRepo\beeSDK\subsys\wearable\coda_J10\ram_proj_240619_v4\ram_proj\keil_proj\Objects\app.axf" 
IMESARMV8M.DLL
".\Objects\app.axf" - 0 Error(s), 0 Warning(s).

<h2>Software Packages used:</h2>

Package Vendor: ARM
                http://www.keil.com/pack/ARM.CMSIS.5.9.0.pack
                ARM.CMSIS.5.9.0
                CMSIS (Common Microcontroller Software Interface Standard)

<h2>Collection of Component include folders:</h2>
  D:/App/MDK/Pack/ARM/CMSIS/5.9.0/Device/ARM/ARMCM33/Include

<h2>Collection of Component Files used:</h2>
Build Time Elapsed:  00:00:10
</pre>
</body>
</html>
