<!doctype html public "-//w3c//dtd html 4.0 transitional//en">
<html><head>
<title>Static Call Graph - [.\Objects\app.axf]</title></head>
<body><HR>
<H1>Static Call Graph for image .\Objects\app.axf</H1><HR>
<BR><P>#&#060CALLGRAPH&#062# ARM Linker, 6220000: Last Updated: Fri Jul  5 18:37:52 2024
<BR><P>
<H3>Maximum Stack Usage =       1528 bytes + Unknown(Cycles, Untraceable Function Pointers)</H3><H3>
Call chain for Maximum Stack Depth:</H3>
Reset_Handler &rArr; main &rArr; CODA_Test &rArr; JPU_DecStartOneFrame &rArr; JpegDecodeHeader &rArr; wraparound_bistream_data &rArr; jpg_malloc &rArr; tlsf_malloc &rArr; block_prepare_used &rArr; block_split &rArr; block_mark_as_free &rArr; block_link_next &rArr; block_next
<P>
<H3>
Mutually Recursive functions
</H3> <LI><a href="#[1]">HardFault_Handler</a>&nbsp;&nbsp;&nbsp;&rArr;&nbsp;&nbsp;&nbsp;<a href="#[1]">HardFault_Handler</a><BR>
 <LI><a href="#[171]">UART_SendData</a>&nbsp;&nbsp;&nbsp;&rArr;&nbsp;&nbsp;&nbsp;<a href="#[171]">UART_SendData</a><BR>
</UL>
<P>
<H3>
Function Pointers
</H3><UL>
 <LI><a href="#[57]">GDMA_Cmd_rom</a> from rtl876x_gdma.o(.text) referenced from boot_rom_func_ptr.o(.data.GDMA_Cmd)
 <LI><a href="#[58]">GDMA_Init_rom</a> from rtl876x_gdma.o(.text) referenced from boot_rom_func_ptr.o(.data.GDMA_Init)
 <LI><a href="#[11]">GPIOA0_Handler</a> from rtl876x_gpio_int.o(.text) referenced from rtl876x_gpio_int.o(.text)
 <LI><a href="#[12]">GPIOA1_Handler</a> from rtl876x_gpio_int.o(.text) referenced from rtl876x_gpio_int.o(.text)
 <LI><a href="#[15]">GPIO_A_16_23_Handler</a> from rtl876x_gpio_int.o(.text) referenced from rtl876x_gpio_int.o(.text)
 <LI><a href="#[16]">GPIO_A_24_31_Handler</a> from rtl876x_gpio_int.o(.text) referenced from rtl876x_gpio_int.o(.text)
 <LI><a href="#[13]">GPIO_A_2_7_Handler</a> from rtl876x_gpio_int.o(.text) referenced from rtl876x_gpio_int.o(.text)
 <LI><a href="#[14]">GPIO_A_8_15_Handler</a> from rtl876x_gpio_int.o(.text) referenced from rtl876x_gpio_int.o(.text)
 <LI><a href="#[17]">GPIO_B_0_7_Handler</a> from rtl876x_gpio_int.o(.text) referenced from rtl876x_gpio_int.o(.text)
 <LI><a href="#[19]">GPIO_B_16_23_Handler</a> from rtl876x_gpio_int.o(.text) referenced from rtl876x_gpio_int.o(.text)
 <LI><a href="#[1a]">GPIO_B_24_31_Handler</a> from rtl876x_gpio_int.o(.text) referenced from rtl876x_gpio_int.o(.text)
 <LI><a href="#[18]">GPIO_B_8_15_Handler</a> from rtl876x_gpio_int.o(.text) referenced from rtl876x_gpio_int.o(.text)
 <LI><a href="#[1]">HardFault_Handler</a> from bb2plus_platform.o(.text) referenced from vector_table_auto_gen.o(.ram_vector_table)
 <LI><a href="#[1]">HardFault_Handler</a> from bb2plus_platform.o(.text) referenced from vector_table_auto_gen.o(.vectors_table)
 <LI><a href="#[2a]">JPU_DecGiveCommand</a> from jpuapi.o(.text) referenced from jpeg_decoder.o(.text)
 <LI><a href="#[28]">JpuGbuGetBit</a> from jpuapifunc_rt.o(.text) referenced 2 times from jpuapifunc_rt.o(.text)
 <LI><a href="#[3a]">MMC_AsyncReadMultiBlock</a> from mmc.o(.text) referenced from mmc.o(.rodata.mmc_prot_prop)
 <LI><a href="#[39]">MMC_AsyncReadSingleBlock</a> from mmc.o(.text) referenced from mmc.o(.rodata.mmc_prot_prop)
 <LI><a href="#[3c]">MMC_AsyncWriteMultiBlock</a> from mmc.o(.text) referenced from mmc.o(.rodata.mmc_prot_prop)
 <LI><a href="#[3b]">MMC_AsyncWriteSingleBlock</a> from mmc.o(.text) referenced from mmc.o(.rodata.mmc_prot_prop)
 <LI><a href="#[3e]">MMC_Deinit</a> from mmc.o(.text) referenced from mmc.o(.rodata.mmc_prot_prop)
 <LI><a href="#[37]">MMC_Earse</a> from mmc.o(.text) referenced from mmc.o(.rodata.mmc_prot_prop)
 <LI><a href="#[32]">MMC_GetCardInfo</a> from mmc.o(.text) referenced from mmc.o(.rodata.mmc_prot_prop)
 <LI><a href="#[31]">MMC_InitCard</a> from mmc.o(.text) referenced from mmc.o(.rodata.mmc_prot_prop)
 <LI><a href="#[34]">MMC_ReadMultiBlock</a> from mmc.o(.text) referenced from mmc.o(.rodata.mmc_prot_prop)
 <LI><a href="#[33]">MMC_ReadSingleBlock</a> from mmc.o(.text) referenced from mmc.o(.rodata.mmc_prot_prop)
 <LI><a href="#[3d]">MMC_SetBlockLen</a> from mmc.o(.text) referenced from mmc.o(.rodata.mmc_prot_prop)
 <LI><a href="#[38]">MMC_WaitCardFinishProgram</a> from mmc.o(.text) referenced from mmc.o(.rodata.mmc_prot_prop)
 <LI><a href="#[36]">MMC_WriteMultiBlock</a> from mmc.o(.text) referenced from mmc.o(.rodata.mmc_prot_prop)
 <LI><a href="#[35]">MMC_WriteSingleBlock</a> from mmc.o(.text) referenced from mmc.o(.rodata.mmc_prot_prop)
 <LI><a href="#[59]">NVIC_Init_rom</a> from rtl876x_nvic.o(.text) referenced from boot_rom_func_ptr.o(.data.NVIC_Init)
 <LI><a href="#[5a]">Pad_AllConfigDefault_rom</a> from rtl876x_pinmux.o(.text) referenced from boot_rom_func_ptr.o(.data.Pad_AllConfigDefault)
 <LI><a href="#[5c]">Pad_ConfigExt_rom</a> from rtl876x_pinmux.o(.text) referenced from boot_rom_func_ptr.o(.data.Pad_ConfigExt)
 <LI><a href="#[5b]">Pad_Config_rom</a> from rtl876x_pinmux.o(.text) referenced from boot_rom_func_ptr.o(.data.Pad_Config)
 <LI><a href="#[23]">Pad_HighSpeedFuncSel</a> from rtl876x_pinmux.o(.text) referenced from sd.o(.text)
 <LI><a href="#[22]">Pad_HighSpeedMuxSel</a> from rtl876x_pinmux.o(.text) referenced from sd.o(.text)
 <LI><a href="#[24]">Pad_TableConfig</a> from rtl876x_pinmux.o(.text) referenced from sd.o(.text)
 <LI><a href="#[5d]">Pad_WakeUpCmd_rom</a> from rtl876x_pinmux.o(.text) referenced from boot_rom_func_ptr.o(.data.Pad_WakeUpCmd)
 <LI><a href="#[62]">Pad_WakeupInterruptValue</a> from rtl876x_pinmux.o(.text) referenced from boot_rom_func_ptr.o(.data.System_WakeUpInterruptValue)
 <LI><a href="#[3]">PendSV_Handler</a> from portasm.o(.text) referenced from vector_table_auto_gen.o(.ram_vector_table)
 <LI><a href="#[3]">PendSV_Handler</a> from portasm.o(.text) referenced from port.o(.text)
 <LI><a href="#[3]">PendSV_Handler</a> from portasm.o(.text) referenced from vector_table_auto_gen.o(.vectors_table)
 <LI><a href="#[5e]">Pinmux_Config_rom</a> from rtl876x_pinmux.o(.text) referenced from boot_rom_func_ptr.o(.data.Pinmux_Config)
 <LI><a href="#[25]">Pinmux_Deinit</a> from rtl876x_pinmux.o(.text) referenced from sd.o(.text)
 <LI><a href="#[5f]">RCC_PeriphClockCmd_rom</a> from rtl876x_rcc.o(.text) referenced from boot_rom_func_ptr.o(.data.RCC_PeriphClockCmd)
 <LI><a href="#[9]">RamVectorTableUpdate</a> from vector_table.o(.text) referenced 2 times from port.o(.text)
 <LI><a href="#[0]">Reset_Handler</a> from system_bb2plus.o(.text) referenced from vector_table_auto_gen.o(.ram_vector_table)
 <LI><a href="#[0]">Reset_Handler</a> from system_bb2plus.o(.text) referenced from vector_table_auto_gen.o(.vectors_table)
 <LI><a href="#[47]">SDH_BusDelaySel</a> from sdh_prop.o(.text) referenced from sdh_prop.o(.rodata.sd_host_prop)
 <LI><a href="#[41]">SDH_CheckCmd</a> from sdh_prop.o(.text) referenced from sdh_prop.o(.rodata.sd_host_prop)
 <LI><a href="#[45]">SDH_DataConfig</a> from sdh_prop.o(.text) referenced from sdh_prop.o(.rodata.sd_host_prop)
 <LI><a href="#[46]">SDH_Deinit</a> from sdh_prop.o(.text) referenced from sdh_prop.o(.rodata.sd_host_prop)
 <LI><a href="#[1f]">SDH_RegisterIntHandleCB</a> from sdh_int.o(.text) referenced from sd.o(.text)
 <LI><a href="#[44]">SDH_SendCommand</a> from sdh_prop.o(.text) referenced from sdh_prop.o(.rodata.sd_host_prop)
 <LI><a href="#[43]">SDH_SetBusWide</a> from sdh_prop.o(.text) referenced from sdh_prop.o(.rodata.sd_host_prop)
 <LI><a href="#[40]">SDH_WaitCmdDatComplete</a> from sdh_prop.o(.text) referenced from sdh_prop.o(.rodata.sd_host_prop)
 <LI><a href="#[3f]">SDH_WaitCmdLineIdle</a> from sdh_prop.o(.text) referenced from sdh_prop.o(.rodata.sd_host_prop)
 <LI><a href="#[42]">SDIO_GetResponse</a> from rtl876x_sdio.o(.text) referenced from sdh_prop.o(.rodata.sd_host_prop)
 <LI><a href="#[26]">SDIO_HOST_Handler</a> from sdh_int.o(.text) referenced from sdh_int.o(.text)
 <LI><a href="#[51]">SD_AsyncReadMultiBlock</a> from sdcard.o(.text) referenced from sdcard.o(.rodata.sd_prot_prop)
 <LI><a href="#[50]">SD_AsyncReadSingleBlock</a> from sdcard.o(.text) referenced from sdcard.o(.rodata.sd_prot_prop)
 <LI><a href="#[53]">SD_AsyncWriteMultiBlock</a> from sdcard.o(.text) referenced from sdcard.o(.rodata.sd_prot_prop)
 <LI><a href="#[52]">SD_AsyncWriteSingleBlock</a> from sdcard.o(.text) referenced from sdcard.o(.rodata.sd_prot_prop)
 <LI><a href="#[55]">SD_Deinit</a> from sdcard.o(.text) referenced from sdcard.o(.rodata.sd_prot_prop)
 <LI><a href="#[4e]">SD_Earse</a> from sdcard.o(.text) referenced from sdcard.o(.rodata.sd_prot_prop)
 <LI><a href="#[49]">SD_GetCardInfo</a> from sdcard.o(.text) referenced from sdcard.o(.rodata.sd_prot_prop)
 <LI><a href="#[48]">SD_InitCard</a> from sdcard.o(.text) referenced from sdcard.o(.rodata.sd_prot_prop)
 <LI><a href="#[4b]">SD_ReadMultiBlock</a> from sdcard.o(.text) referenced from sdcard.o(.rodata.sd_prot_prop)
 <LI><a href="#[4a]">SD_ReadSingleBlock</a> from sdcard.o(.text) referenced from sdcard.o(.rodata.sd_prot_prop)
 <LI><a href="#[54]">SD_SetBlockLen</a> from sdcard.o(.text) referenced from sdcard.o(.rodata.sd_prot_prop)
 <LI><a href="#[56]">SD_SetBusDelay</a> from sdcard.o(.text) referenced from sdcard.o(.rodata.sd_prot_prop)
 <LI><a href="#[4f]">SD_WaitCardFinishProgram</a> from sdcard.o(.text) referenced from sdcard.o(.rodata.sd_prot_prop)
 <LI><a href="#[4d]">SD_WriteMultiBlock</a> from sdcard.o(.text) referenced from sdcard.o(.rodata.sd_prot_prop)
 <LI><a href="#[4c]">SD_WriteSingleBlock</a> from sdcard.o(.text) referenced from sdcard.o(.rodata.sd_prot_prop)
 <LI><a href="#[2]">SVC_Handler</a> from portasm.o(.text) referenced from vector_table_auto_gen.o(.ram_vector_table)
 <LI><a href="#[2]">SVC_Handler</a> from portasm.o(.text) referenced from port.o(.text)
 <LI><a href="#[2]">SVC_Handler</a> from portasm.o(.text) referenced from vector_table_auto_gen.o(.vectors_table)
 <LI><a href="#[4]">SysTick_Handler</a> from port.o(.text) referenced from vector_table_auto_gen.o(.ram_vector_table)
 <LI><a href="#[4]">SysTick_Handler</a> from port.o(.text) referenced from port.o(.text)
 <LI><a href="#[4]">SysTick_Handler</a> from port.o(.text) referenced from vector_table_auto_gen.o(.vectors_table)
 <LI><a href="#[60]">System_WakeUpInterruptDisable_rom</a> from rtl876x_pinmux.o(.text) referenced from boot_rom_func_ptr.o(.data.System_WakeUpInterruptDisable)
 <LI><a href="#[61]">System_WakeUpInterruptEnable_rom</a> from rtl876x_pinmux.o(.text) referenced from boot_rom_func_ptr.o(.data.System_WakeUpInterruptEnable)
 <LI><a href="#[63]">System_WakeUpPinDisable_rom</a> from rtl876x_pinmux.o(.text) referenced from boot_rom_func_ptr.o(.data.System_WakeUpPinDisable)
 <LI><a href="#[64]">System_WakeUpPinEnable_rom</a> from rtl876x_pinmux.o(.text) referenced from boot_rom_func_ptr.o(.data.System_WakeUpPinEnable)
 <LI><a href="#[65]">UART_INTConfig_rom</a> from rtl876x_uart.o(.text) referenced from boot_rom_func_ptr.o(.data.UART_INTConfig)
 <LI><a href="#[66]">UART_Init_rom</a> from rtl876x_uart.o(.text) referenced from boot_rom_func_ptr.o(.data.UART_Init)
 <LI><a href="#[67]">UART_SetBaudRate_rom</a> from rtl876x_uart.o(.text) referenced from boot_rom_func_ptr.o(.data.UART_SetBaudRate)
 <LI><a href="#[6d]">WDG_Disable_Core</a> from rtl876x_wdg.o(.text) referenced from rtl876x_wdg.o(.data.wdg_disable)
 <LI><a href="#[6e]">WDG_Kick_Core</a> from rtl876x_wdg.o(.text) referenced from rtl876x_wdg.o(.data.wdg_kick)
 <LI><a href="#[6f]">WDG_Start_Core</a> from rtl876x_wdg.o(.text) referenced from rtl876x_wdg.o(.data.wdg_start)
 <LI><a href="#[68]">WDG_SystemReset</a> from rtl876x_wdg.o(.text) referenced from rtl876x_wdg.o(.data.chip_reset)
 <LI><a href="#[30]">_get_lc_ctype</a> from lc_ctype_c.o(locale$$code) referenced from rt_ctype_table.o(.text)
 <LI><a href="#[2e]">_printf_input_char</a> from _printf_char_common.o(.text) referenced from _printf_char_common.o(.text)
 <LI><a href="#[2d]">_snputc</a> from _snputc.o(.text) referenced from vsnprintf.o(.text)
 <LI><a href="#[f]">aon_indirect_write_reg_safe</a> from indirect_access.o(.text) referenced 2 times from platform_rtc.o(.text)
 <LI><a href="#[1d]">app_main_task</a> from app_task.o(.text) referenced from app_task.o(.text)
 <LI><a href="#[1b]">btaon_fast_read_safe</a> from indirect_access.o(.text) referenced from rtl876x_lppwm.o(.text)
 <LI><a href="#[e]">btaon_fast_write_safe</a> from indirect_access.o(.text) referenced 2 times from rtl876x_pinmux.o(.text)
 <LI><a href="#[2b]">default_walker</a> from tlsf.o(.text) referenced from tlsf.o(.text)
 <LI><a href="#[6b]">delay_ms_asm</a> from utils.o(.text) referenced from utils.o(.data.platform_delay_ms)
 <LI><a href="#[6c]">delay_us_asm</a> from utils.o(.text) referenced from utils.o(.data.platform_delay_us)
 <LI><a href="#[2f]">fputc</a> from fputc.o(i.fputc) referenced from _printf_char_file.o(.text)
 <LI><a href="#[10]">gpio_isr_update</a> from rtl876x_gpio_int.o(.text) referenced from rtl876x_gpio_int.o(.text)
 <LI><a href="#[2c]">integrity_walker</a> from tlsf.o(.text) referenced from tlsf.o(.text)
 <LI><a href="#[29]">jdi_read_register</a> from jdi.o(.text) referenced 2 times from jpuapi.o(.text)
 <LI><a href="#[27]">jdi_write_register</a> from jdi.o(.text) referenced 6 times from jpuapifunc_rt.o(.text)
 <LI><a href="#[69]">log_direct_rom</a> from log.o(.text) referenced from log.o(.data.log_direct)
 <LI><a href="#[6]">prvIdleTask</a> from tasks.o(.text) referenced from tasks.o(.text)
 <LI><a href="#[8]">prvTaskExitError</a> from port.o(.text) referenced from port.o(.text)
 <LI><a href="#[7]">prvTimerTask</a> from timers.o(.text) referenced from timers.o(.text)
 <LI><a href="#[1e]">sd_handle_card_insert_evt</a> from sd.o(.text) referenced from sd.o(.text)
 <LI><a href="#[20]">sd_handle_card_removal_evt</a> from sd.o(.text) referenced from sd.o(.text)
 <LI><a href="#[21]">sd_recovery_from_transfer_error</a> from sd.o(.text) referenced from sd.o(.text)
 <LI><a href="#[6a]">sys_timestamp_get_rom</a> from log.o(.text) referenced from log.o(.data.log_timestamp_get_patch)
 <LI><a href="#[6a]">sys_timestamp_get_rom</a> from log.o(.text) referenced from log.o(.data.sys_timestamp_get_patch)
 <LI><a href="#[1c]">test_timer_cb</a> from app_task.o(.text) referenced from app_task.o(.text)
 <LI><a href="#[5]">vListInitialise</a> from list.o(.text) referenced from tasks.o(.text)
 <LI><a href="#[d]">vPortSVCHandler_C</a> from port.o(.text.vPortSVCHandler_C) referenced from portasm.o(.text)
 <LI><a href="#[c]">vReceiverTask</a> from freertos_test.o(.text) referenced from freertos_test.o(.text)
 <LI><a href="#[a]">vSenderTask</a> from freertos_test.o(.text) referenced from freertos_test.o(.text)
 <LI><a href="#[b]">xTaskCreate</a> from tasks.o(.text) referenced from freertos_test.o(.text)
</UL>
<P>
<H3>
Global Symbols
</H3>
<P><STRONG><a name="[71]"></a>xEventGroupCreate</STRONG> (Thumb, 26 bytes, Stack size 8 bytes, event_groups.o(.text), UNUSED)
<BR><BR>[Calls]<UL><LI><a href="#[5]">&gt;&gt;</a>&nbsp;&nbsp;&nbsp;vListInitialise
<LI><a href="#[72]">&gt;&gt;</a>&nbsp;&nbsp;&nbsp;pvPortMalloc
</UL>

<P><STRONG><a name="[73]"></a>xEventGroupSync</STRONG> (Thumb, 162 bytes, Stack size 24 bytes, event_groups.o(.text), UNUSED)
<BR><BR>[Calls]<UL><LI><a href="#[7d]">&gt;&gt;</a>&nbsp;&nbsp;&nbsp;vPortExitCritical
<LI><a href="#[7c]">&gt;&gt;</a>&nbsp;&nbsp;&nbsp;vPortEnterCritical
<LI><a href="#[7b]">&gt;&gt;</a>&nbsp;&nbsp;&nbsp;uxTaskResetEventItemValue
<LI><a href="#[7a]">&gt;&gt;</a>&nbsp;&nbsp;&nbsp;vPortYield
<LI><a href="#[79]">&gt;&gt;</a>&nbsp;&nbsp;&nbsp;xTaskResumeAll
<LI><a href="#[78]">&gt;&gt;</a>&nbsp;&nbsp;&nbsp;vTaskPlaceOnUnorderedEventList
<LI><a href="#[77]">&gt;&gt;</a>&nbsp;&nbsp;&nbsp;xEventGroupSetBits
<LI><a href="#[76]">&gt;&gt;</a>&nbsp;&nbsp;&nbsp;vTaskSuspendAll
<LI><a href="#[75]">&gt;&gt;</a>&nbsp;&nbsp;&nbsp;xTaskGetSchedulerState
<LI><a href="#[74]">&gt;&gt;</a>&nbsp;&nbsp;&nbsp;ulSetInterruptMask
</UL>

<P><STRONG><a name="[77]"></a>xEventGroupSetBits</STRONG> (Thumb, 118 bytes, Stack size 32 bytes, event_groups.o(.text), UNUSED)
<BR><BR>[Calls]<UL><LI><a href="#[7e]">&gt;&gt;</a>&nbsp;&nbsp;&nbsp;vTaskRemoveFromUnorderedEventList
<LI><a href="#[79]">&gt;&gt;</a>&nbsp;&nbsp;&nbsp;xTaskResumeAll
<LI><a href="#[76]">&gt;&gt;</a>&nbsp;&nbsp;&nbsp;vTaskSuspendAll
<LI><a href="#[74]">&gt;&gt;</a>&nbsp;&nbsp;&nbsp;ulSetInterruptMask
</UL>
<BR>[Called By]<UL><LI><a href="#[85]">&gt;&gt;</a>&nbsp;&nbsp;&nbsp;vEventGroupSetBitsCallback
<LI><a href="#[73]">&gt;&gt;</a>&nbsp;&nbsp;&nbsp;xEventGroupSync
</UL>

<P><STRONG><a name="[7f]"></a>xEventGroupWaitBits</STRONG> (Thumb, 230 bytes, Stack size 32 bytes, event_groups.o(.text), UNUSED)
<BR><BR>[Calls]<UL><LI><a href="#[7d]">&gt;&gt;</a>&nbsp;&nbsp;&nbsp;vPortExitCritical
<LI><a href="#[7c]">&gt;&gt;</a>&nbsp;&nbsp;&nbsp;vPortEnterCritical
<LI><a href="#[7b]">&gt;&gt;</a>&nbsp;&nbsp;&nbsp;uxTaskResetEventItemValue
<LI><a href="#[7a]">&gt;&gt;</a>&nbsp;&nbsp;&nbsp;vPortYield
<LI><a href="#[79]">&gt;&gt;</a>&nbsp;&nbsp;&nbsp;xTaskResumeAll
<LI><a href="#[78]">&gt;&gt;</a>&nbsp;&nbsp;&nbsp;vTaskPlaceOnUnorderedEventList
<LI><a href="#[76]">&gt;&gt;</a>&nbsp;&nbsp;&nbsp;vTaskSuspendAll
<LI><a href="#[75]">&gt;&gt;</a>&nbsp;&nbsp;&nbsp;xTaskGetSchedulerState
<LI><a href="#[74]">&gt;&gt;</a>&nbsp;&nbsp;&nbsp;ulSetInterruptMask
</UL>

<P><STRONG><a name="[80]"></a>xEventGroupClearBits</STRONG> (Thumb, 46 bytes, Stack size 16 bytes, event_groups.o(.text), UNUSED)
<BR><BR>[Calls]<UL><LI><a href="#[7d]">&gt;&gt;</a>&nbsp;&nbsp;&nbsp;vPortExitCritical
<LI><a href="#[7c]">&gt;&gt;</a>&nbsp;&nbsp;&nbsp;vPortEnterCritical
<LI><a href="#[74]">&gt;&gt;</a>&nbsp;&nbsp;&nbsp;ulSetInterruptMask
</UL>
<BR>[Called By]<UL><LI><a href="#[86]">&gt;&gt;</a>&nbsp;&nbsp;&nbsp;vEventGroupClearBitsCallback
</UL>

<P><STRONG><a name="[81]"></a>xEventGroupGetBitsFromISR</STRONG> (Thumb, 18 bytes, Stack size 8 bytes, event_groups.o(.text), UNUSED)
<BR><BR>[Calls]<UL><LI><a href="#[82]">&gt;&gt;</a>&nbsp;&nbsp;&nbsp;vClearInterruptMask
<LI><a href="#[74]">&gt;&gt;</a>&nbsp;&nbsp;&nbsp;ulSetInterruptMask
</UL>

<P><STRONG><a name="[83]"></a>vEventGroupDelete</STRONG> (Thumb, 52 bytes, Stack size 16 bytes, event_groups.o(.text), UNUSED)
<BR><BR>[Calls]<UL><LI><a href="#[84]">&gt;&gt;</a>&nbsp;&nbsp;&nbsp;vPortFree
<LI><a href="#[7e]">&gt;&gt;</a>&nbsp;&nbsp;&nbsp;vTaskRemoveFromUnorderedEventList
<LI><a href="#[79]">&gt;&gt;</a>&nbsp;&nbsp;&nbsp;xTaskResumeAll
<LI><a href="#[76]">&gt;&gt;</a>&nbsp;&nbsp;&nbsp;vTaskSuspendAll
<LI><a href="#[74]">&gt;&gt;</a>&nbsp;&nbsp;&nbsp;ulSetInterruptMask
</UL>

<P><STRONG><a name="[85]"></a>vEventGroupSetBitsCallback</STRONG> (Thumb, 4 bytes, Stack size 0 bytes, event_groups.o(.text), UNUSED)
<BR><BR>[Calls]<UL><LI><a href="#[77]">&gt;&gt;</a>&nbsp;&nbsp;&nbsp;xEventGroupSetBits
</UL>

<P><STRONG><a name="[86]"></a>vEventGroupClearBitsCallback</STRONG> (Thumb, 4 bytes, Stack size 0 bytes, event_groups.o(.text), UNUSED)
<BR><BR>[Calls]<UL><LI><a href="#[80]">&gt;&gt;</a>&nbsp;&nbsp;&nbsp;xEventGroupClearBits
</UL>

<P><STRONG><a name="[5]"></a>vListInitialise</STRONG> (Thumb, 22 bytes, Stack size 0 bytes, list.o(.text))
<BR><BR>[Called By]<UL><LI><a href="#[e6]">&gt;&gt;</a>&nbsp;&nbsp;&nbsp;prvCheckForValidListAndQueue
<LI><a href="#[b]">&gt;&gt;</a>&nbsp;&nbsp;&nbsp;xTaskCreate
<LI><a href="#[87]">&gt;&gt;</a>&nbsp;&nbsp;&nbsp;xQueueGenericReset
<LI><a href="#[71]">&gt;&gt;</a>&nbsp;&nbsp;&nbsp;xEventGroupCreate
</UL>
<BR>[Address Reference Count : 1]<UL><LI> tasks.o(.text)
</UL>
<P><STRONG><a name="[b9]"></a>vListInitialiseItem</STRONG> (Thumb, 6 bytes, Stack size 0 bytes, list.o(.text))
<BR><BR>[Called By]<UL><LI><a href="#[ea]">&gt;&gt;</a>&nbsp;&nbsp;&nbsp;xTimerCreate
<LI><a href="#[b]">&gt;&gt;</a>&nbsp;&nbsp;&nbsp;xTaskCreate
</UL>

<P><STRONG><a name="[bb]"></a>vListInsertEnd</STRONG> (Thumb, 24 bytes, Stack size 8 bytes, list.o(.text))
<BR><BR>[Stack]<UL><LI>Max Depth = 8<LI>Call Chain = vListInsertEnd
</UL>
<BR>[Called By]<UL><LI><a href="#[e4]">&gt;&gt;</a>&nbsp;&nbsp;&nbsp;vTaskNotifyGiveFromISR
<LI><a href="#[e3]">&gt;&gt;</a>&nbsp;&nbsp;&nbsp;xTaskGenericNotifyFromISR
<LI><a href="#[d5]">&gt;&gt;</a>&nbsp;&nbsp;&nbsp;xTaskResumeFromISR
<LI><a href="#[d0]">&gt;&gt;</a>&nbsp;&nbsp;&nbsp;vTaskSuspend
<LI><a href="#[b]">&gt;&gt;</a>&nbsp;&nbsp;&nbsp;xTaskCreate
<LI><a href="#[d7]">&gt;&gt;</a>&nbsp;&nbsp;&nbsp;OUTLINED_FUNCTION_8
<LI><a href="#[c5]">&gt;&gt;</a>&nbsp;&nbsp;&nbsp;prvAddCurrentTaskToDelayedList
<LI><a href="#[c3]">&gt;&gt;</a>&nbsp;&nbsp;&nbsp;OUTLINED_FUNCTION_4
<LI><a href="#[b2]">&gt;&gt;</a>&nbsp;&nbsp;&nbsp;vTaskPlaceOnEventListRestricted
<LI><a href="#[9d]">&gt;&gt;</a>&nbsp;&nbsp;&nbsp;vTaskPriorityDisinheritAfterTimeout
<LI><a href="#[89]">&gt;&gt;</a>&nbsp;&nbsp;&nbsp;xTaskRemoveFromEventList
<LI><a href="#[7e]">&gt;&gt;</a>&nbsp;&nbsp;&nbsp;vTaskRemoveFromUnorderedEventList
<LI><a href="#[79]">&gt;&gt;</a>&nbsp;&nbsp;&nbsp;xTaskResumeAll
<LI><a href="#[78]">&gt;&gt;</a>&nbsp;&nbsp;&nbsp;vTaskPlaceOnUnorderedEventList
</UL>

<P><STRONG><a name="[c6]"></a>vListInsert</STRONG> (Thumb, 46 bytes, Stack size 16 bytes, list.o(.text))
<BR><BR>[Stack]<UL><LI>Max Depth = 16<LI>Call Chain = vListInsert
</UL>
<BR>[Called By]<UL><LI><a href="#[e8]">&gt;&gt;</a>&nbsp;&nbsp;&nbsp;prvInsertTimerInActiveList
<LI><a href="#[e7]">&gt;&gt;</a>&nbsp;&nbsp;&nbsp;prvSampleTimeNow
<LI><a href="#[c5]">&gt;&gt;</a>&nbsp;&nbsp;&nbsp;prvAddCurrentTaskToDelayedList
<LI><a href="#[b8]">&gt;&gt;</a>&nbsp;&nbsp;&nbsp;vTaskPlaceOnEventList
</UL>

<P><STRONG><a name="[c0]"></a>uxListRemove</STRONG> (Thumb, 32 bytes, Stack size 0 bytes, list.o(.text))
<BR><BR>[Called By]<UL><LI><a href="#[e7]">&gt;&gt;</a>&nbsp;&nbsp;&nbsp;prvSampleTimeNow
<LI><a href="#[7]">&gt;&gt;</a>&nbsp;&nbsp;&nbsp;prvTimerTask
<LI><a href="#[e4]">&gt;&gt;</a>&nbsp;&nbsp;&nbsp;vTaskNotifyGiveFromISR
<LI><a href="#[e2]">&gt;&gt;</a>&nbsp;&nbsp;&nbsp;xTaskGenericNotify
<LI><a href="#[d5]">&gt;&gt;</a>&nbsp;&nbsp;&nbsp;xTaskResumeFromISR
<LI><a href="#[d0]">&gt;&gt;</a>&nbsp;&nbsp;&nbsp;vTaskSuspend
<LI><a href="#[c9]">&gt;&gt;</a>&nbsp;&nbsp;&nbsp;xTaskIncrementTick
<LI><a href="#[bc]">&gt;&gt;</a>&nbsp;&nbsp;&nbsp;vTaskDelete
<LI><a href="#[6]">&gt;&gt;</a>&nbsp;&nbsp;&nbsp;prvIdleTask
<LI><a href="#[c7]">&gt;&gt;</a>&nbsp;&nbsp;&nbsp;OUTLINED_FUNCTION_5
<LI><a href="#[c5]">&gt;&gt;</a>&nbsp;&nbsp;&nbsp;prvAddCurrentTaskToDelayedList
<LI><a href="#[be]">&gt;&gt;</a>&nbsp;&nbsp;&nbsp;OUTLINED_FUNCTION_0
<LI><a href="#[7e]">&gt;&gt;</a>&nbsp;&nbsp;&nbsp;vTaskRemoveFromUnorderedEventList
<LI><a href="#[79]">&gt;&gt;</a>&nbsp;&nbsp;&nbsp;xTaskResumeAll
</UL>

<P><STRONG><a name="[87]"></a>xQueueGenericReset</STRONG> (Thumb, 98 bytes, Stack size 16 bytes, queue.o(.text))
<BR><BR>[Stack]<UL><LI>Max Depth = 40<LI>Call Chain = xQueueGenericReset &rArr; xTaskRemoveFromEventList &rArr; vListInsertEnd
</UL>
<BR>[Calls]<UL><LI><a href="#[89]">&gt;&gt;</a>&nbsp;&nbsp;&nbsp;xTaskRemoveFromEventList
<LI><a href="#[88]">&gt;&gt;</a>&nbsp;&nbsp;&nbsp;OUTLINED_FUNCTION_2
<LI><a href="#[7d]">&gt;&gt;</a>&nbsp;&nbsp;&nbsp;vPortExitCritical
<LI><a href="#[7a]">&gt;&gt;</a>&nbsp;&nbsp;&nbsp;vPortYield
<LI><a href="#[74]">&gt;&gt;</a>&nbsp;&nbsp;&nbsp;ulSetInterruptMask
<LI><a href="#[5]">&gt;&gt;</a>&nbsp;&nbsp;&nbsp;vListInitialise
</UL>
<BR>[Called By]<UL><LI><a href="#[8a]">&gt;&gt;</a>&nbsp;&nbsp;&nbsp;xQueueGenericCreate
</UL>

<P><STRONG><a name="[8a]"></a>xQueueGenericCreate</STRONG> (Thumb, 56 bytes, Stack size 16 bytes, queue.o(.text))
<BR><BR>[Stack]<UL><LI>Max Depth = 104<LI>Call Chain = xQueueGenericCreate &rArr; pvPortMalloc &rArr; xTaskResumeAll &rArr; xTaskIncrementTick &rArr; OUTLINED_FUNCTION_4 &rArr; vListInsertEnd
</UL>
<BR>[Calls]<UL><LI><a href="#[87]">&gt;&gt;</a>&nbsp;&nbsp;&nbsp;xQueueGenericReset
<LI><a href="#[74]">&gt;&gt;</a>&nbsp;&nbsp;&nbsp;ulSetInterruptMask
<LI><a href="#[72]">&gt;&gt;</a>&nbsp;&nbsp;&nbsp;pvPortMalloc
</UL>
<BR>[Called By]<UL><LI><a href="#[13f]">&gt;&gt;</a>&nbsp;&nbsp;&nbsp;test_freertos
<LI><a href="#[e6]">&gt;&gt;</a>&nbsp;&nbsp;&nbsp;prvCheckForValidListAndQueue
<LI><a href="#[b3]">&gt;&gt;</a>&nbsp;&nbsp;&nbsp;xQueueCreateSet
<LI><a href="#[9e]">&gt;&gt;</a>&nbsp;&nbsp;&nbsp;xQueueCreateCountingSemaphore
<LI><a href="#[8b]">&gt;&gt;</a>&nbsp;&nbsp;&nbsp;xQueueCreateMutex
<LI><a href="#[1d]">&gt;&gt;</a>&nbsp;&nbsp;&nbsp;app_main_task
</UL>

<P><STRONG><a name="[8b]"></a>xQueueCreateMutex</STRONG> (Thumb, 40 bytes, Stack size 16 bytes, queue.o(.text), UNUSED)
<BR><BR>[Calls]<UL><LI><a href="#[8c]">&gt;&gt;</a>&nbsp;&nbsp;&nbsp;xQueueGenericSend
<LI><a href="#[8a]">&gt;&gt;</a>&nbsp;&nbsp;&nbsp;xQueueGenericCreate
</UL>

<P><STRONG><a name="[8d]"></a>xQueueGiveMutexRecursive</STRONG> (Thumb, 50 bytes, Stack size 16 bytes, queue.o(.text), UNUSED)
<BR><BR>[Calls]<UL><LI><a href="#[8e]">&gt;&gt;</a>&nbsp;&nbsp;&nbsp;xTaskGetCurrentTaskHandle
<LI><a href="#[8c]">&gt;&gt;</a>&nbsp;&nbsp;&nbsp;xQueueGenericSend
<LI><a href="#[74]">&gt;&gt;</a>&nbsp;&nbsp;&nbsp;ulSetInterruptMask
</UL>

<P><STRONG><a name="[8c]"></a>xQueueGenericSend</STRONG> (Thumb, 288 bytes, Stack size 48 bytes, queue.o(.text))
<BR><BR>[Stack]<UL><LI>Max Depth = 136<LI>Call Chain = xQueueGenericSend &rArr; OUTLINED_FUNCTION_0 &rArr; prvUnlockQueue &rArr; prvNotifyQueueSetContainer &rArr; prvCopyDataToQueue &rArr; xTaskPriorityDisinherit &rArr; OUTLINED_FUNCTION_4 &rArr; vListInsertEnd
</UL>
<BR>[Calls]<UL><LI><a href="#[92]">&gt;&gt;</a>&nbsp;&nbsp;&nbsp;xTaskCheckForTimeOut
<LI><a href="#[8f]">&gt;&gt;</a>&nbsp;&nbsp;&nbsp;vTaskInternalSetTimeOutState
<LI><a href="#[97]">&gt;&gt;</a>&nbsp;&nbsp;&nbsp;OUTLINED_FUNCTION_6
<LI><a href="#[96]">&gt;&gt;</a>&nbsp;&nbsp;&nbsp;prvNotifyQueueSetContainer
<LI><a href="#[95]">&gt;&gt;</a>&nbsp;&nbsp;&nbsp;prvCopyDataToQueue
<LI><a href="#[94]">&gt;&gt;</a>&nbsp;&nbsp;&nbsp;OUTLINED_FUNCTION_0
<LI><a href="#[93]">&gt;&gt;</a>&nbsp;&nbsp;&nbsp;OUTLINED_FUNCTION_3
<LI><a href="#[91]">&gt;&gt;</a>&nbsp;&nbsp;&nbsp;OUTLINED_FUNCTION_4
<LI><a href="#[90]">&gt;&gt;</a>&nbsp;&nbsp;&nbsp;OUTLINED_FUNCTION_5
<LI><a href="#[7d]">&gt;&gt;</a>&nbsp;&nbsp;&nbsp;vPortExitCritical
<LI><a href="#[7c]">&gt;&gt;</a>&nbsp;&nbsp;&nbsp;vPortEnterCritical
<LI><a href="#[7a]">&gt;&gt;</a>&nbsp;&nbsp;&nbsp;vPortYield
<LI><a href="#[79]">&gt;&gt;</a>&nbsp;&nbsp;&nbsp;xTaskResumeAll
<LI><a href="#[76]">&gt;&gt;</a>&nbsp;&nbsp;&nbsp;vTaskSuspendAll
<LI><a href="#[75]">&gt;&gt;</a>&nbsp;&nbsp;&nbsp;xTaskGetSchedulerState
<LI><a href="#[74]">&gt;&gt;</a>&nbsp;&nbsp;&nbsp;ulSetInterruptMask
</UL>
<BR>[Called By]<UL><LI><a href="#[a]">&gt;&gt;</a>&nbsp;&nbsp;&nbsp;vSenderTask
<LI><a href="#[f3]">&gt;&gt;</a>&nbsp;&nbsp;&nbsp;xTimerPendFunctionCall
<LI><a href="#[e9]">&gt;&gt;</a>&nbsp;&nbsp;&nbsp;xTimerGenericCommand
<LI><a href="#[8d]">&gt;&gt;</a>&nbsp;&nbsp;&nbsp;xQueueGiveMutexRecursive
<LI><a href="#[8b]">&gt;&gt;</a>&nbsp;&nbsp;&nbsp;xQueueCreateMutex
<LI><a href="#[242]">&gt;&gt;</a>&nbsp;&nbsp;&nbsp;app_send_msg_to_apptask
</UL>

<P><STRONG><a name="[98]"></a>xQueueTakeMutexRecursive</STRONG> (Thumb, 48 bytes, Stack size 16 bytes, queue.o(.text), UNUSED)
<BR><BR>[Calls]<UL><LI><a href="#[99]">&gt;&gt;</a>&nbsp;&nbsp;&nbsp;xQueueSemaphoreTake
<LI><a href="#[8e]">&gt;&gt;</a>&nbsp;&nbsp;&nbsp;xTaskGetCurrentTaskHandle
<LI><a href="#[74]">&gt;&gt;</a>&nbsp;&nbsp;&nbsp;ulSetInterruptMask
</UL>

<P><STRONG><a name="[99]"></a>xQueueSemaphoreTake</STRONG> (Thumb, 314 bytes, Stack size 48 bytes, queue.o(.text), UNUSED)
<BR><BR>[Calls]<UL><LI><a href="#[9d]">&gt;&gt;</a>&nbsp;&nbsp;&nbsp;vTaskPriorityDisinheritAfterTimeout
<LI><a href="#[9c]">&gt;&gt;</a>&nbsp;&nbsp;&nbsp;pvTaskIncrementMutexHeldCount
<LI><a href="#[9b]">&gt;&gt;</a>&nbsp;&nbsp;&nbsp;xTaskPriorityInherit
<LI><a href="#[92]">&gt;&gt;</a>&nbsp;&nbsp;&nbsp;xTaskCheckForTimeOut
<LI><a href="#[8f]">&gt;&gt;</a>&nbsp;&nbsp;&nbsp;vTaskInternalSetTimeOutState
<LI><a href="#[9a]">&gt;&gt;</a>&nbsp;&nbsp;&nbsp;OUTLINED_FUNCTION_1
<LI><a href="#[97]">&gt;&gt;</a>&nbsp;&nbsp;&nbsp;OUTLINED_FUNCTION_6
<LI><a href="#[94]">&gt;&gt;</a>&nbsp;&nbsp;&nbsp;OUTLINED_FUNCTION_0
<LI><a href="#[93]">&gt;&gt;</a>&nbsp;&nbsp;&nbsp;OUTLINED_FUNCTION_3
<LI><a href="#[91]">&gt;&gt;</a>&nbsp;&nbsp;&nbsp;OUTLINED_FUNCTION_4
<LI><a href="#[90]">&gt;&gt;</a>&nbsp;&nbsp;&nbsp;OUTLINED_FUNCTION_5
<LI><a href="#[7d]">&gt;&gt;</a>&nbsp;&nbsp;&nbsp;vPortExitCritical
<LI><a href="#[7c]">&gt;&gt;</a>&nbsp;&nbsp;&nbsp;vPortEnterCritical
<LI><a href="#[7a]">&gt;&gt;</a>&nbsp;&nbsp;&nbsp;vPortYield
<LI><a href="#[79]">&gt;&gt;</a>&nbsp;&nbsp;&nbsp;xTaskResumeAll
<LI><a href="#[76]">&gt;&gt;</a>&nbsp;&nbsp;&nbsp;vTaskSuspendAll
<LI><a href="#[75]">&gt;&gt;</a>&nbsp;&nbsp;&nbsp;xTaskGetSchedulerState
<LI><a href="#[74]">&gt;&gt;</a>&nbsp;&nbsp;&nbsp;ulSetInterruptMask
</UL>
<BR>[Called By]<UL><LI><a href="#[98]">&gt;&gt;</a>&nbsp;&nbsp;&nbsp;xQueueTakeMutexRecursive
</UL>

<P><STRONG><a name="[9e]"></a>xQueueCreateCountingSemaphore</STRONG> (Thumb, 36 bytes, Stack size 8 bytes, queue.o(.text), UNUSED)
<BR><BR>[Calls]<UL><LI><a href="#[8a]">&gt;&gt;</a>&nbsp;&nbsp;&nbsp;xQueueGenericCreate
<LI><a href="#[74]">&gt;&gt;</a>&nbsp;&nbsp;&nbsp;ulSetInterruptMask
</UL>

<P><STRONG><a name="[a3]"></a>xQueueGenericSendFromISR</STRONG> (Thumb, 156 bytes, Stack size 32 bytes, queue.o(.text))
<BR><BR>[Stack]<UL><LI>Max Depth = 104<LI>Call Chain = xQueueGenericSendFromISR &rArr; prvNotifyQueueSetContainer &rArr; prvCopyDataToQueue &rArr; xTaskPriorityDisinherit &rArr; OUTLINED_FUNCTION_4 &rArr; vListInsertEnd
</UL>
<BR>[Calls]<UL><LI><a href="#[89]">&gt;&gt;</a>&nbsp;&nbsp;&nbsp;xTaskRemoveFromEventList
<LI><a href="#[96]">&gt;&gt;</a>&nbsp;&nbsp;&nbsp;prvNotifyQueueSetContainer
<LI><a href="#[95]">&gt;&gt;</a>&nbsp;&nbsp;&nbsp;prvCopyDataToQueue
<LI><a href="#[82]">&gt;&gt;</a>&nbsp;&nbsp;&nbsp;vClearInterruptMask
<LI><a href="#[74]">&gt;&gt;</a>&nbsp;&nbsp;&nbsp;ulSetInterruptMask
</UL>
<BR>[Called By]<UL><LI><a href="#[f2]">&gt;&gt;</a>&nbsp;&nbsp;&nbsp;xTimerPendFunctionCallFromISR
<LI><a href="#[e9]">&gt;&gt;</a>&nbsp;&nbsp;&nbsp;xTimerGenericCommand
</UL>

<P><STRONG><a name="[a4]"></a>xQueueGiveFromISR</STRONG> (Thumb, 126 bytes, Stack size 16 bytes, queue.o(.text), UNUSED)
<BR><BR>[Calls]<UL><LI><a href="#[89]">&gt;&gt;</a>&nbsp;&nbsp;&nbsp;xTaskRemoveFromEventList
<LI><a href="#[96]">&gt;&gt;</a>&nbsp;&nbsp;&nbsp;prvNotifyQueueSetContainer
<LI><a href="#[82]">&gt;&gt;</a>&nbsp;&nbsp;&nbsp;vClearInterruptMask
<LI><a href="#[74]">&gt;&gt;</a>&nbsp;&nbsp;&nbsp;ulSetInterruptMask
</UL>

<P><STRONG><a name="[a5]"></a>xQueueReceive</STRONG> (Thumb, 246 bytes, Stack size 48 bytes, queue.o(.text))
<BR><BR>[Stack]<UL><LI>Max Depth = 136<LI>Call Chain = xQueueReceive &rArr; OUTLINED_FUNCTION_0 &rArr; prvUnlockQueue &rArr; prvNotifyQueueSetContainer &rArr; prvCopyDataToQueue &rArr; xTaskPriorityDisinherit &rArr; OUTLINED_FUNCTION_4 &rArr; vListInsertEnd
</UL>
<BR>[Calls]<UL><LI><a href="#[92]">&gt;&gt;</a>&nbsp;&nbsp;&nbsp;xTaskCheckForTimeOut
<LI><a href="#[8f]">&gt;&gt;</a>&nbsp;&nbsp;&nbsp;vTaskInternalSetTimeOutState
<LI><a href="#[a6]">&gt;&gt;</a>&nbsp;&nbsp;&nbsp;prvCopyDataFromQueue
<LI><a href="#[9a]">&gt;&gt;</a>&nbsp;&nbsp;&nbsp;OUTLINED_FUNCTION_1
<LI><a href="#[97]">&gt;&gt;</a>&nbsp;&nbsp;&nbsp;OUTLINED_FUNCTION_6
<LI><a href="#[94]">&gt;&gt;</a>&nbsp;&nbsp;&nbsp;OUTLINED_FUNCTION_0
<LI><a href="#[93]">&gt;&gt;</a>&nbsp;&nbsp;&nbsp;OUTLINED_FUNCTION_3
<LI><a href="#[91]">&gt;&gt;</a>&nbsp;&nbsp;&nbsp;OUTLINED_FUNCTION_4
<LI><a href="#[90]">&gt;&gt;</a>&nbsp;&nbsp;&nbsp;OUTLINED_FUNCTION_5
<LI><a href="#[7d]">&gt;&gt;</a>&nbsp;&nbsp;&nbsp;vPortExitCritical
<LI><a href="#[7c]">&gt;&gt;</a>&nbsp;&nbsp;&nbsp;vPortEnterCritical
<LI><a href="#[7a]">&gt;&gt;</a>&nbsp;&nbsp;&nbsp;vPortYield
<LI><a href="#[79]">&gt;&gt;</a>&nbsp;&nbsp;&nbsp;xTaskResumeAll
<LI><a href="#[76]">&gt;&gt;</a>&nbsp;&nbsp;&nbsp;vTaskSuspendAll
<LI><a href="#[75]">&gt;&gt;</a>&nbsp;&nbsp;&nbsp;xTaskGetSchedulerState
<LI><a href="#[74]">&gt;&gt;</a>&nbsp;&nbsp;&nbsp;ulSetInterruptMask
</UL>
<BR>[Called By]<UL><LI><a href="#[c]">&gt;&gt;</a>&nbsp;&nbsp;&nbsp;vReceiverTask
<LI><a href="#[7]">&gt;&gt;</a>&nbsp;&nbsp;&nbsp;prvTimerTask
<LI><a href="#[b6]">&gt;&gt;</a>&nbsp;&nbsp;&nbsp;xQueueSelectFromSet
<LI><a href="#[1d]">&gt;&gt;</a>&nbsp;&nbsp;&nbsp;app_main_task
</UL>

<P><STRONG><a name="[a8]"></a>xQueuePeek</STRONG> (Thumb, 246 bytes, Stack size 48 bytes, queue.o(.text), UNUSED)
<BR><BR>[Calls]<UL><LI><a href="#[92]">&gt;&gt;</a>&nbsp;&nbsp;&nbsp;xTaskCheckForTimeOut
<LI><a href="#[8f]">&gt;&gt;</a>&nbsp;&nbsp;&nbsp;vTaskInternalSetTimeOutState
<LI><a href="#[89]">&gt;&gt;</a>&nbsp;&nbsp;&nbsp;xTaskRemoveFromEventList
<LI><a href="#[a6]">&gt;&gt;</a>&nbsp;&nbsp;&nbsp;prvCopyDataFromQueue
<LI><a href="#[9a]">&gt;&gt;</a>&nbsp;&nbsp;&nbsp;OUTLINED_FUNCTION_1
<LI><a href="#[94]">&gt;&gt;</a>&nbsp;&nbsp;&nbsp;OUTLINED_FUNCTION_0
<LI><a href="#[93]">&gt;&gt;</a>&nbsp;&nbsp;&nbsp;OUTLINED_FUNCTION_3
<LI><a href="#[91]">&gt;&gt;</a>&nbsp;&nbsp;&nbsp;OUTLINED_FUNCTION_4
<LI><a href="#[90]">&gt;&gt;</a>&nbsp;&nbsp;&nbsp;OUTLINED_FUNCTION_5
<LI><a href="#[7d]">&gt;&gt;</a>&nbsp;&nbsp;&nbsp;vPortExitCritical
<LI><a href="#[7c]">&gt;&gt;</a>&nbsp;&nbsp;&nbsp;vPortEnterCritical
<LI><a href="#[7a]">&gt;&gt;</a>&nbsp;&nbsp;&nbsp;vPortYield
<LI><a href="#[79]">&gt;&gt;</a>&nbsp;&nbsp;&nbsp;xTaskResumeAll
<LI><a href="#[76]">&gt;&gt;</a>&nbsp;&nbsp;&nbsp;vTaskSuspendAll
<LI><a href="#[75]">&gt;&gt;</a>&nbsp;&nbsp;&nbsp;xTaskGetSchedulerState
<LI><a href="#[74]">&gt;&gt;</a>&nbsp;&nbsp;&nbsp;ulSetInterruptMask
</UL>

<P><STRONG><a name="[a9]"></a>xQueueReceiveFromISR</STRONG> (Thumb, 116 bytes, Stack size 32 bytes, queue.o(.text), UNUSED)
<BR><BR>[Calls]<UL><LI><a href="#[89]">&gt;&gt;</a>&nbsp;&nbsp;&nbsp;xTaskRemoveFromEventList
<LI><a href="#[a6]">&gt;&gt;</a>&nbsp;&nbsp;&nbsp;prvCopyDataFromQueue
<LI><a href="#[82]">&gt;&gt;</a>&nbsp;&nbsp;&nbsp;vClearInterruptMask
<LI><a href="#[74]">&gt;&gt;</a>&nbsp;&nbsp;&nbsp;ulSetInterruptMask
</UL>
<BR>[Called By]<UL><LI><a href="#[b7]">&gt;&gt;</a>&nbsp;&nbsp;&nbsp;xQueueSelectFromSetFromISR
</UL>

<P><STRONG><a name="[aa]"></a>xQueuePeekFromISR</STRONG> (Thumb, 72 bytes, Stack size 24 bytes, queue.o(.text), UNUSED)
<BR><BR>[Calls]<UL><LI><a href="#[a6]">&gt;&gt;</a>&nbsp;&nbsp;&nbsp;prvCopyDataFromQueue
<LI><a href="#[82]">&gt;&gt;</a>&nbsp;&nbsp;&nbsp;vClearInterruptMask
<LI><a href="#[74]">&gt;&gt;</a>&nbsp;&nbsp;&nbsp;ulSetInterruptMask
</UL>

<P><STRONG><a name="[ab]"></a>uxQueueMessagesWaiting</STRONG> (Thumb, 24 bytes, Stack size 8 bytes, queue.o(.text), UNUSED)
<BR><BR>[Calls]<UL><LI><a href="#[88]">&gt;&gt;</a>&nbsp;&nbsp;&nbsp;OUTLINED_FUNCTION_2
<LI><a href="#[7d]">&gt;&gt;</a>&nbsp;&nbsp;&nbsp;vPortExitCritical
<LI><a href="#[74]">&gt;&gt;</a>&nbsp;&nbsp;&nbsp;ulSetInterruptMask
</UL>

<P><STRONG><a name="[ac]"></a>uxQueueSpacesAvailable</STRONG> (Thumb, 28 bytes, Stack size 8 bytes, queue.o(.text), UNUSED)
<BR><BR>[Calls]<UL><LI><a href="#[88]">&gt;&gt;</a>&nbsp;&nbsp;&nbsp;OUTLINED_FUNCTION_2
<LI><a href="#[7d]">&gt;&gt;</a>&nbsp;&nbsp;&nbsp;vPortExitCritical
<LI><a href="#[74]">&gt;&gt;</a>&nbsp;&nbsp;&nbsp;ulSetInterruptMask
</UL>

<P><STRONG><a name="[ad]"></a>uxQueueMessagesWaitingFromISR</STRONG> (Thumb, 18 bytes, Stack size 8 bytes, queue.o(.text), UNUSED)
<BR><BR>[Calls]<UL><LI><a href="#[74]">&gt;&gt;</a>&nbsp;&nbsp;&nbsp;ulSetInterruptMask
</UL>

<P><STRONG><a name="[ae]"></a>vQueueDelete</STRONG> (Thumb, 18 bytes, Stack size 8 bytes, queue.o(.text), UNUSED)
<BR><BR>[Calls]<UL><LI><a href="#[84]">&gt;&gt;</a>&nbsp;&nbsp;&nbsp;vPortFree
<LI><a href="#[74]">&gt;&gt;</a>&nbsp;&nbsp;&nbsp;ulSetInterruptMask
</UL>

<P><STRONG><a name="[af]"></a>xQueueIsQueueEmptyFromISR</STRONG> (Thumb, 24 bytes, Stack size 8 bytes, queue.o(.text), UNUSED)
<BR><BR>[Calls]<UL><LI><a href="#[74]">&gt;&gt;</a>&nbsp;&nbsp;&nbsp;ulSetInterruptMask
</UL>

<P><STRONG><a name="[b0]"></a>xQueueIsQueueFullFromISR</STRONG> (Thumb, 28 bytes, Stack size 8 bytes, queue.o(.text), UNUSED)
<BR><BR>[Calls]<UL><LI><a href="#[74]">&gt;&gt;</a>&nbsp;&nbsp;&nbsp;ulSetInterruptMask
</UL>

<P><STRONG><a name="[b1]"></a>vQueueWaitForMessageRestricted</STRONG> (Thumb, 62 bytes, Stack size 16 bytes, queue.o(.text))
<BR><BR>[Stack]<UL><LI>Max Depth = 104<LI>Call Chain = vQueueWaitForMessageRestricted &rArr; prvUnlockQueue &rArr; prvNotifyQueueSetContainer &rArr; prvCopyDataToQueue &rArr; xTaskPriorityDisinherit &rArr; OUTLINED_FUNCTION_4 &rArr; vListInsertEnd
</UL>
<BR>[Calls]<UL><LI><a href="#[b2]">&gt;&gt;</a>&nbsp;&nbsp;&nbsp;vTaskPlaceOnEventListRestricted
<LI><a href="#[a1]">&gt;&gt;</a>&nbsp;&nbsp;&nbsp;prvUnlockQueue
<LI><a href="#[91]">&gt;&gt;</a>&nbsp;&nbsp;&nbsp;OUTLINED_FUNCTION_4
<LI><a href="#[90]">&gt;&gt;</a>&nbsp;&nbsp;&nbsp;OUTLINED_FUNCTION_5
<LI><a href="#[88]">&gt;&gt;</a>&nbsp;&nbsp;&nbsp;OUTLINED_FUNCTION_2
<LI><a href="#[7d]">&gt;&gt;</a>&nbsp;&nbsp;&nbsp;vPortExitCritical
</UL>
<BR>[Called By]<UL><LI><a href="#[7]">&gt;&gt;</a>&nbsp;&nbsp;&nbsp;prvTimerTask
</UL>

<P><STRONG><a name="[b3]"></a>xQueueCreateSet</STRONG> (Thumb, 8 bytes, Stack size 0 bytes, queue.o(.text), UNUSED)
<BR><BR>[Calls]<UL><LI><a href="#[8a]">&gt;&gt;</a>&nbsp;&nbsp;&nbsp;xQueueGenericCreate
</UL>

<P><STRONG><a name="[b4]"></a>xQueueAddToSet</STRONG> (Thumb, 34 bytes, Stack size 16 bytes, queue.o(.text), UNUSED)
<BR><BR>[Calls]<UL><LI><a href="#[7d]">&gt;&gt;</a>&nbsp;&nbsp;&nbsp;vPortExitCritical
<LI><a href="#[7c]">&gt;&gt;</a>&nbsp;&nbsp;&nbsp;vPortEnterCritical
</UL>

<P><STRONG><a name="[b5]"></a>xQueueRemoveFromSet</STRONG> (Thumb, 36 bytes, Stack size 16 bytes, queue.o(.text), UNUSED)
<BR><BR>[Calls]<UL><LI><a href="#[7d]">&gt;&gt;</a>&nbsp;&nbsp;&nbsp;vPortExitCritical
<LI><a href="#[7c]">&gt;&gt;</a>&nbsp;&nbsp;&nbsp;vPortEnterCritical
</UL>

<P><STRONG><a name="[b6]"></a>xQueueSelectFromSet</STRONG> (Thumb, 18 bytes, Stack size 16 bytes, queue.o(.text), UNUSED)
<BR><BR>[Calls]<UL><LI><a href="#[a5]">&gt;&gt;</a>&nbsp;&nbsp;&nbsp;xQueueReceive
</UL>

<P><STRONG><a name="[b7]"></a>xQueueSelectFromSetFromISR</STRONG> (Thumb, 18 bytes, Stack size 16 bytes, queue.o(.text), UNUSED)
<BR><BR>[Calls]<UL><LI><a href="#[a9]">&gt;&gt;</a>&nbsp;&nbsp;&nbsp;xQueueReceiveFromISR
</UL>

<P><STRONG><a name="[b]"></a>xTaskCreate</STRONG> (Thumb, 328 bytes, Stack size 40 bytes, tasks.o(.text))
<BR><BR>[Stack]<UL><LI>Max Depth = 128<LI>Call Chain = xTaskCreate &rArr; pvPortMalloc &rArr; xTaskResumeAll &rArr; xTaskIncrementTick &rArr; OUTLINED_FUNCTION_4 &rArr; vListInsertEnd
</UL>
<BR>[Calls]<UL><LI><a href="#[ba]">&gt;&gt;</a>&nbsp;&nbsp;&nbsp;pxPortInitialiseStack
<LI><a href="#[bb]">&gt;&gt;</a>&nbsp;&nbsp;&nbsp;vListInsertEnd
<LI><a href="#[b9]">&gt;&gt;</a>&nbsp;&nbsp;&nbsp;vListInitialiseItem
<LI><a href="#[84]">&gt;&gt;</a>&nbsp;&nbsp;&nbsp;vPortFree
<LI><a href="#[7d]">&gt;&gt;</a>&nbsp;&nbsp;&nbsp;vPortExitCritical
<LI><a href="#[7c]">&gt;&gt;</a>&nbsp;&nbsp;&nbsp;vPortEnterCritical
<LI><a href="#[7a]">&gt;&gt;</a>&nbsp;&nbsp;&nbsp;vPortYield
<LI><a href="#[5]">&gt;&gt;</a>&nbsp;&nbsp;&nbsp;vListInitialise
<LI><a href="#[72]">&gt;&gt;</a>&nbsp;&nbsp;&nbsp;pvPortMalloc
</UL>
<BR>[Called By]<UL><LI><a href="#[d9]">&gt;&gt;</a>&nbsp;&nbsp;&nbsp;xTimerCreateTimerTask
<LI><a href="#[d8]">&gt;&gt;</a>&nbsp;&nbsp;&nbsp;vTaskStartScheduler
<LI><a href="#[244]">&gt;&gt;</a>&nbsp;&nbsp;&nbsp;task_init
</UL>
<BR>[Address Reference Count : 1]<UL><LI> freertos_test.o(.text)
</UL>
<P><STRONG><a name="[bc]"></a>vTaskDelete</STRONG> (Thumb, 136 bytes, Stack size 16 bytes, tasks.o(.text), UNUSED)
<BR><BR>[Calls]<UL><LI><a href="#[c3]">&gt;&gt;</a>&nbsp;&nbsp;&nbsp;OUTLINED_FUNCTION_4
<LI><a href="#[c2]">&gt;&gt;</a>&nbsp;&nbsp;&nbsp;prvResetNextTaskUnblockTime
<LI><a href="#[c1]">&gt;&gt;</a>&nbsp;&nbsp;&nbsp;prvDeleteTCB
<LI><a href="#[bf]">&gt;&gt;</a>&nbsp;&nbsp;&nbsp;OUTLINED_FUNCTION_3
<LI><a href="#[be]">&gt;&gt;</a>&nbsp;&nbsp;&nbsp;OUTLINED_FUNCTION_0
<LI><a href="#[bd]">&gt;&gt;</a>&nbsp;&nbsp;&nbsp;OUTLINED_FUNCTION_2
<LI><a href="#[c0]">&gt;&gt;</a>&nbsp;&nbsp;&nbsp;uxListRemove
<LI><a href="#[7d]">&gt;&gt;</a>&nbsp;&nbsp;&nbsp;vPortExitCritical
<LI><a href="#[7a]">&gt;&gt;</a>&nbsp;&nbsp;&nbsp;vPortYield
<LI><a href="#[74]">&gt;&gt;</a>&nbsp;&nbsp;&nbsp;ulSetInterruptMask
</UL>

<P><STRONG><a name="[c4]"></a>vTaskDelayUntil</STRONG> (Thumb, 92 bytes, Stack size 8 bytes, tasks.o(.text), UNUSED)
<BR><BR>[Calls]<UL><LI><a href="#[c5]">&gt;&gt;</a>&nbsp;&nbsp;&nbsp;prvAddCurrentTaskToDelayedList
<LI><a href="#[7a]">&gt;&gt;</a>&nbsp;&nbsp;&nbsp;vPortYield
<LI><a href="#[79]">&gt;&gt;</a>&nbsp;&nbsp;&nbsp;xTaskResumeAll
<LI><a href="#[74]">&gt;&gt;</a>&nbsp;&nbsp;&nbsp;ulSetInterruptMask
</UL>

<P><STRONG><a name="[76]"></a>vTaskSuspendAll</STRONG> (Thumb, 12 bytes, Stack size 0 bytes, tasks.o(.text))
<BR><BR>[Called By]<UL><LI><a href="#[7]">&gt;&gt;</a>&nbsp;&nbsp;&nbsp;prvTimerTask
<LI><a href="#[a8]">&gt;&gt;</a>&nbsp;&nbsp;&nbsp;xQueuePeek
<LI><a href="#[a5]">&gt;&gt;</a>&nbsp;&nbsp;&nbsp;xQueueReceive
<LI><a href="#[99]">&gt;&gt;</a>&nbsp;&nbsp;&nbsp;xQueueSemaphoreTake
<LI><a href="#[8c]">&gt;&gt;</a>&nbsp;&nbsp;&nbsp;xQueueGenericSend
<LI><a href="#[84]">&gt;&gt;</a>&nbsp;&nbsp;&nbsp;vPortFree
<LI><a href="#[83]">&gt;&gt;</a>&nbsp;&nbsp;&nbsp;vEventGroupDelete
<LI><a href="#[7f]">&gt;&gt;</a>&nbsp;&nbsp;&nbsp;xEventGroupWaitBits
<LI><a href="#[77]">&gt;&gt;</a>&nbsp;&nbsp;&nbsp;xEventGroupSetBits
<LI><a href="#[73]">&gt;&gt;</a>&nbsp;&nbsp;&nbsp;xEventGroupSync
<LI><a href="#[72]">&gt;&gt;</a>&nbsp;&nbsp;&nbsp;pvPortMalloc
</UL>

<P><STRONG><a name="[79]"></a>xTaskResumeAll</STRONG> (Thumb, 152 bytes, Stack size 24 bytes, tasks.o(.text))
<BR><BR>[Stack]<UL><LI>Max Depth = 64<LI>Call Chain = xTaskResumeAll &rArr; xTaskIncrementTick &rArr; OUTLINED_FUNCTION_4 &rArr; vListInsertEnd
</UL>
<BR>[Calls]<UL><LI><a href="#[c9]">&gt;&gt;</a>&nbsp;&nbsp;&nbsp;xTaskIncrementTick
<LI><a href="#[c8]">&gt;&gt;</a>&nbsp;&nbsp;&nbsp;OUTLINED_FUNCTION_9
<LI><a href="#[c7]">&gt;&gt;</a>&nbsp;&nbsp;&nbsp;OUTLINED_FUNCTION_5
<LI><a href="#[c2]">&gt;&gt;</a>&nbsp;&nbsp;&nbsp;prvResetNextTaskUnblockTime
<LI><a href="#[c0]">&gt;&gt;</a>&nbsp;&nbsp;&nbsp;uxListRemove
<LI><a href="#[bb]">&gt;&gt;</a>&nbsp;&nbsp;&nbsp;vListInsertEnd
<LI><a href="#[7d]">&gt;&gt;</a>&nbsp;&nbsp;&nbsp;vPortExitCritical
<LI><a href="#[7c]">&gt;&gt;</a>&nbsp;&nbsp;&nbsp;vPortEnterCritical
<LI><a href="#[7a]">&gt;&gt;</a>&nbsp;&nbsp;&nbsp;vPortYield
<LI><a href="#[74]">&gt;&gt;</a>&nbsp;&nbsp;&nbsp;ulSetInterruptMask
</UL>
<BR>[Called By]<UL><LI><a href="#[7]">&gt;&gt;</a>&nbsp;&nbsp;&nbsp;prvTimerTask
<LI><a href="#[ca]">&gt;&gt;</a>&nbsp;&nbsp;&nbsp;vTaskDelay
<LI><a href="#[c4]">&gt;&gt;</a>&nbsp;&nbsp;&nbsp;vTaskDelayUntil
<LI><a href="#[6]">&gt;&gt;</a>&nbsp;&nbsp;&nbsp;prvIdleTask
<LI><a href="#[a8]">&gt;&gt;</a>&nbsp;&nbsp;&nbsp;xQueuePeek
<LI><a href="#[a5]">&gt;&gt;</a>&nbsp;&nbsp;&nbsp;xQueueReceive
<LI><a href="#[99]">&gt;&gt;</a>&nbsp;&nbsp;&nbsp;xQueueSemaphoreTake
<LI><a href="#[8c]">&gt;&gt;</a>&nbsp;&nbsp;&nbsp;xQueueGenericSend
<LI><a href="#[84]">&gt;&gt;</a>&nbsp;&nbsp;&nbsp;vPortFree
<LI><a href="#[83]">&gt;&gt;</a>&nbsp;&nbsp;&nbsp;vEventGroupDelete
<LI><a href="#[7f]">&gt;&gt;</a>&nbsp;&nbsp;&nbsp;xEventGroupWaitBits
<LI><a href="#[77]">&gt;&gt;</a>&nbsp;&nbsp;&nbsp;xEventGroupSetBits
<LI><a href="#[73]">&gt;&gt;</a>&nbsp;&nbsp;&nbsp;xEventGroupSync
<LI><a href="#[72]">&gt;&gt;</a>&nbsp;&nbsp;&nbsp;pvPortMalloc
</UL>

<P><STRONG><a name="[ca]"></a>vTaskDelay</STRONG> (Thumb, 44 bytes, Stack size 8 bytes, tasks.o(.text), UNUSED)
<BR><BR>[Calls]<UL><LI><a href="#[c5]">&gt;&gt;</a>&nbsp;&nbsp;&nbsp;prvAddCurrentTaskToDelayedList
<LI><a href="#[7a]">&gt;&gt;</a>&nbsp;&nbsp;&nbsp;vPortYield
<LI><a href="#[79]">&gt;&gt;</a>&nbsp;&nbsp;&nbsp;xTaskResumeAll
<LI><a href="#[74]">&gt;&gt;</a>&nbsp;&nbsp;&nbsp;ulSetInterruptMask
</UL>

<P><STRONG><a name="[cb]"></a>eTaskGetState</STRONG> (Thumb, 92 bytes, Stack size 16 bytes, tasks.o(.text), UNUSED)
<BR><BR>[Calls]<UL><LI><a href="#[7d]">&gt;&gt;</a>&nbsp;&nbsp;&nbsp;vPortExitCritical
<LI><a href="#[7c]">&gt;&gt;</a>&nbsp;&nbsp;&nbsp;vPortEnterCritical
<LI><a href="#[74]">&gt;&gt;</a>&nbsp;&nbsp;&nbsp;ulSetInterruptMask
</UL>

<P><STRONG><a name="[cc]"></a>uxTaskPriorityGet</STRONG> (Thumb, 24 bytes, Stack size 8 bytes, tasks.o(.text), UNUSED)
<BR><BR>[Calls]<UL><LI><a href="#[bd]">&gt;&gt;</a>&nbsp;&nbsp;&nbsp;OUTLINED_FUNCTION_2
<LI><a href="#[7d]">&gt;&gt;</a>&nbsp;&nbsp;&nbsp;vPortExitCritical
</UL>

<P><STRONG><a name="[cd]"></a>uxTaskPriorityGetFromISR</STRONG> (Thumb, 24 bytes, Stack size 8 bytes, tasks.o(.text), UNUSED)
<BR><BR>[Calls]<UL><LI><a href="#[82]">&gt;&gt;</a>&nbsp;&nbsp;&nbsp;vClearInterruptMask
<LI><a href="#[74]">&gt;&gt;</a>&nbsp;&nbsp;&nbsp;ulSetInterruptMask
</UL>

<P><STRONG><a name="[ce]"></a>vTaskPrioritySet</STRONG> (Thumb, 172 bytes, Stack size 32 bytes, tasks.o(.text), UNUSED)
<BR><BR>[Calls]<UL><LI><a href="#[cf]">&gt;&gt;</a>&nbsp;&nbsp;&nbsp;OUTLINED_FUNCTION_10
<LI><a href="#[c3]">&gt;&gt;</a>&nbsp;&nbsp;&nbsp;OUTLINED_FUNCTION_4
<LI><a href="#[be]">&gt;&gt;</a>&nbsp;&nbsp;&nbsp;OUTLINED_FUNCTION_0
<LI><a href="#[bd]">&gt;&gt;</a>&nbsp;&nbsp;&nbsp;OUTLINED_FUNCTION_2
<LI><a href="#[7d]">&gt;&gt;</a>&nbsp;&nbsp;&nbsp;vPortExitCritical
<LI><a href="#[7a]">&gt;&gt;</a>&nbsp;&nbsp;&nbsp;vPortYield
<LI><a href="#[74]">&gt;&gt;</a>&nbsp;&nbsp;&nbsp;ulSetInterruptMask
</UL>

<P><STRONG><a name="[d0]"></a>vTaskSuspend</STRONG> (Thumb, 156 bytes, Stack size 16 bytes, tasks.o(.text), UNUSED)
<BR><BR>[Calls]<UL><LI><a href="#[d1]">&gt;&gt;</a>&nbsp;&nbsp;&nbsp;vTaskSwitchContext
<LI><a href="#[c2]">&gt;&gt;</a>&nbsp;&nbsp;&nbsp;prvResetNextTaskUnblockTime
<LI><a href="#[bf]">&gt;&gt;</a>&nbsp;&nbsp;&nbsp;OUTLINED_FUNCTION_3
<LI><a href="#[be]">&gt;&gt;</a>&nbsp;&nbsp;&nbsp;OUTLINED_FUNCTION_0
<LI><a href="#[bd]">&gt;&gt;</a>&nbsp;&nbsp;&nbsp;OUTLINED_FUNCTION_2
<LI><a href="#[c0]">&gt;&gt;</a>&nbsp;&nbsp;&nbsp;uxListRemove
<LI><a href="#[bb]">&gt;&gt;</a>&nbsp;&nbsp;&nbsp;vListInsertEnd
<LI><a href="#[7d]">&gt;&gt;</a>&nbsp;&nbsp;&nbsp;vPortExitCritical
<LI><a href="#[7c]">&gt;&gt;</a>&nbsp;&nbsp;&nbsp;vPortEnterCritical
<LI><a href="#[7a]">&gt;&gt;</a>&nbsp;&nbsp;&nbsp;vPortYield
<LI><a href="#[74]">&gt;&gt;</a>&nbsp;&nbsp;&nbsp;ulSetInterruptMask
</UL>

<P><STRONG><a name="[d1]"></a>vTaskSwitchContext</STRONG> (Thumb, 80 bytes, Stack size 8 bytes, tasks.o(.text))
<BR><BR>[Stack]<UL><LI>Max Depth = 8<LI>Call Chain = vTaskSwitchContext
</UL>
<BR>[Calls]<UL><LI><a href="#[74]">&gt;&gt;</a>&nbsp;&nbsp;&nbsp;ulSetInterruptMask
</UL>
<BR>[Called By]<UL><LI><a href="#[da]">&gt;&gt;</a>&nbsp;&nbsp;&nbsp;xPortStartScheduler
<LI><a href="#[d0]">&gt;&gt;</a>&nbsp;&nbsp;&nbsp;vTaskSuspend
<LI><a href="#[3]">&gt;&gt;</a>&nbsp;&nbsp;&nbsp;PendSV_Handler
</UL>

<P><STRONG><a name="[d2]"></a>vTaskResume</STRONG> (Thumb, 84 bytes, Stack size 16 bytes, tasks.o(.text), UNUSED)
<BR><BR>[Calls]<UL><LI><a href="#[d4]">&gt;&gt;</a>&nbsp;&nbsp;&nbsp;OUTLINED_FUNCTION_7
<LI><a href="#[d3]">&gt;&gt;</a>&nbsp;&nbsp;&nbsp;OUTLINED_FUNCTION_1
<LI><a href="#[c3]">&gt;&gt;</a>&nbsp;&nbsp;&nbsp;OUTLINED_FUNCTION_4
<LI><a href="#[be]">&gt;&gt;</a>&nbsp;&nbsp;&nbsp;OUTLINED_FUNCTION_0
<LI><a href="#[7d]">&gt;&gt;</a>&nbsp;&nbsp;&nbsp;vPortExitCritical
<LI><a href="#[7c]">&gt;&gt;</a>&nbsp;&nbsp;&nbsp;vPortEnterCritical
<LI><a href="#[7a]">&gt;&gt;</a>&nbsp;&nbsp;&nbsp;vPortYield
<LI><a href="#[74]">&gt;&gt;</a>&nbsp;&nbsp;&nbsp;ulSetInterruptMask
</UL>

<P><STRONG><a name="[d5]"></a>xTaskResumeFromISR</STRONG> (Thumb, 108 bytes, Stack size 32 bytes, tasks.o(.text), UNUSED)
<BR><BR>[Calls]<UL><LI><a href="#[d7]">&gt;&gt;</a>&nbsp;&nbsp;&nbsp;OUTLINED_FUNCTION_8
<LI><a href="#[d6]">&gt;&gt;</a>&nbsp;&nbsp;&nbsp;OUTLINED_FUNCTION_6
<LI><a href="#[c0]">&gt;&gt;</a>&nbsp;&nbsp;&nbsp;uxListRemove
<LI><a href="#[bb]">&gt;&gt;</a>&nbsp;&nbsp;&nbsp;vListInsertEnd
<LI><a href="#[82]">&gt;&gt;</a>&nbsp;&nbsp;&nbsp;vClearInterruptMask
<LI><a href="#[74]">&gt;&gt;</a>&nbsp;&nbsp;&nbsp;ulSetInterruptMask
</UL>

<P><STRONG><a name="[d8]"></a>vTaskStartScheduler</STRONG> (Thumb, 80 bytes, Stack size 16 bytes, tasks.o(.text), UNUSED)
<BR><BR>[Calls]<UL><LI><a href="#[da]">&gt;&gt;</a>&nbsp;&nbsp;&nbsp;xPortStartScheduler
<LI><a href="#[d9]">&gt;&gt;</a>&nbsp;&nbsp;&nbsp;xTimerCreateTimerTask
<LI><a href="#[b]">&gt;&gt;</a>&nbsp;&nbsp;&nbsp;xTaskCreate
<LI><a href="#[74]">&gt;&gt;</a>&nbsp;&nbsp;&nbsp;ulSetInterruptMask
</UL>

<P><STRONG><a name="[dc]"></a>vTaskEndScheduler</STRONG> (Thumb, 20 bytes, Stack size 8 bytes, tasks.o(.text), UNUSED)
<BR><BR>[Calls]<UL><LI><a href="#[dd]">&gt;&gt;</a>&nbsp;&nbsp;&nbsp;vPortEndScheduler
<LI><a href="#[74]">&gt;&gt;</a>&nbsp;&nbsp;&nbsp;ulSetInterruptMask
</UL>

<P><STRONG><a name="[c9]"></a>xTaskIncrementTick</STRONG> (Thumb, 196 bytes, Stack size 32 bytes, tasks.o(.text))
<BR><BR>[Stack]<UL><LI>Max Depth = 40<LI>Call Chain = xTaskIncrementTick &rArr; OUTLINED_FUNCTION_4 &rArr; vListInsertEnd
</UL>
<BR>[Calls]<UL><LI><a href="#[d4]">&gt;&gt;</a>&nbsp;&nbsp;&nbsp;OUTLINED_FUNCTION_7
<LI><a href="#[c3]">&gt;&gt;</a>&nbsp;&nbsp;&nbsp;OUTLINED_FUNCTION_4
<LI><a href="#[c2]">&gt;&gt;</a>&nbsp;&nbsp;&nbsp;prvResetNextTaskUnblockTime
<LI><a href="#[c0]">&gt;&gt;</a>&nbsp;&nbsp;&nbsp;uxListRemove
<LI><a href="#[74]">&gt;&gt;</a>&nbsp;&nbsp;&nbsp;ulSetInterruptMask
</UL>
<BR>[Called By]<UL><LI><a href="#[79]">&gt;&gt;</a>&nbsp;&nbsp;&nbsp;xTaskResumeAll
<LI><a href="#[4]">&gt;&gt;</a>&nbsp;&nbsp;&nbsp;SysTick_Handler
</UL>

<P><STRONG><a name="[f4]"></a>xTaskGetTickCount</STRONG> (Thumb, 8 bytes, Stack size 0 bytes, tasks.o(.text))
<BR><BR>[Called By]<UL><LI><a href="#[e7]">&gt;&gt;</a>&nbsp;&nbsp;&nbsp;prvSampleTimeNow
<LI><a href="#[243]">&gt;&gt;</a>&nbsp;&nbsp;&nbsp;sw_timer_init
</UL>

<P><STRONG><a name="[3de]"></a>xTaskGetTickCountFromISR</STRONG> (Thumb, 8 bytes, Stack size 0 bytes, tasks.o(.text), UNUSED)

<P><STRONG><a name="[3df]"></a>uxTaskGetNumberOfTasks</STRONG> (Thumb, 8 bytes, Stack size 0 bytes, tasks.o(.text), UNUSED)

<P><STRONG><a name="[de]"></a>pcTaskGetName</STRONG> (Thumb, 24 bytes, Stack size 8 bytes, tasks.o(.text), UNUSED)
<BR><BR>[Calls]<UL><LI><a href="#[74]">&gt;&gt;</a>&nbsp;&nbsp;&nbsp;ulSetInterruptMask
</UL>

<P><STRONG><a name="[b8]"></a>vTaskPlaceOnEventList</STRONG> (Thumb, 32 bytes, Stack size 8 bytes, tasks.o(.text))
<BR><BR>[Stack]<UL><LI>Max Depth = 48<LI>Call Chain = vTaskPlaceOnEventList &rArr; prvAddCurrentTaskToDelayedList &rArr; vListInsert
</UL>
<BR>[Calls]<UL><LI><a href="#[c5]">&gt;&gt;</a>&nbsp;&nbsp;&nbsp;prvAddCurrentTaskToDelayedList
<LI><a href="#[c6]">&gt;&gt;</a>&nbsp;&nbsp;&nbsp;vListInsert
<LI><a href="#[74]">&gt;&gt;</a>&nbsp;&nbsp;&nbsp;ulSetInterruptMask
</UL>
<BR>[Called By]<UL><LI><a href="#[93]">&gt;&gt;</a>&nbsp;&nbsp;&nbsp;OUTLINED_FUNCTION_3
</UL>

<P><STRONG><a name="[78]"></a>vTaskPlaceOnUnorderedEventList</STRONG> (Thumb, 52 bytes, Stack size 8 bytes, tasks.o(.text), UNUSED)
<BR><BR>[Calls]<UL><LI><a href="#[c5]">&gt;&gt;</a>&nbsp;&nbsp;&nbsp;prvAddCurrentTaskToDelayedList
<LI><a href="#[bb]">&gt;&gt;</a>&nbsp;&nbsp;&nbsp;vListInsertEnd
<LI><a href="#[74]">&gt;&gt;</a>&nbsp;&nbsp;&nbsp;ulSetInterruptMask
</UL>
<BR>[Called By]<UL><LI><a href="#[7f]">&gt;&gt;</a>&nbsp;&nbsp;&nbsp;xEventGroupWaitBits
<LI><a href="#[73]">&gt;&gt;</a>&nbsp;&nbsp;&nbsp;xEventGroupSync
</UL>

<P><STRONG><a name="[b2]"></a>vTaskPlaceOnEventListRestricted</STRONG> (Thumb, 44 bytes, Stack size 16 bytes, tasks.o(.text))
<BR><BR>[Stack]<UL><LI>Max Depth = 56<LI>Call Chain = vTaskPlaceOnEventListRestricted &rArr; prvAddCurrentTaskToDelayedList &rArr; vListInsert
</UL>
<BR>[Calls]<UL><LI><a href="#[c5]">&gt;&gt;</a>&nbsp;&nbsp;&nbsp;prvAddCurrentTaskToDelayedList
<LI><a href="#[bb]">&gt;&gt;</a>&nbsp;&nbsp;&nbsp;vListInsertEnd
<LI><a href="#[74]">&gt;&gt;</a>&nbsp;&nbsp;&nbsp;ulSetInterruptMask
</UL>
<BR>[Called By]<UL><LI><a href="#[b1]">&gt;&gt;</a>&nbsp;&nbsp;&nbsp;vQueueWaitForMessageRestricted
</UL>

<P><STRONG><a name="[89]"></a>xTaskRemoveFromEventList</STRONG> (Thumb, 76 bytes, Stack size 16 bytes, tasks.o(.text))
<BR><BR>[Stack]<UL><LI>Max Depth = 24<LI>Call Chain = xTaskRemoveFromEventList &rArr; vListInsertEnd
</UL>
<BR>[Calls]<UL><LI><a href="#[d4]">&gt;&gt;</a>&nbsp;&nbsp;&nbsp;OUTLINED_FUNCTION_7
<LI><a href="#[d3]">&gt;&gt;</a>&nbsp;&nbsp;&nbsp;OUTLINED_FUNCTION_1
<LI><a href="#[c7]">&gt;&gt;</a>&nbsp;&nbsp;&nbsp;OUTLINED_FUNCTION_5
<LI><a href="#[bb]">&gt;&gt;</a>&nbsp;&nbsp;&nbsp;vListInsertEnd
<LI><a href="#[74]">&gt;&gt;</a>&nbsp;&nbsp;&nbsp;ulSetInterruptMask
</UL>
<BR>[Called By]<UL><LI><a href="#[a9]">&gt;&gt;</a>&nbsp;&nbsp;&nbsp;xQueueReceiveFromISR
<LI><a href="#[a8]">&gt;&gt;</a>&nbsp;&nbsp;&nbsp;xQueuePeek
<LI><a href="#[a4]">&gt;&gt;</a>&nbsp;&nbsp;&nbsp;xQueueGiveFromISR
<LI><a href="#[a3]">&gt;&gt;</a>&nbsp;&nbsp;&nbsp;xQueueGenericSendFromISR
<LI><a href="#[87]">&gt;&gt;</a>&nbsp;&nbsp;&nbsp;xQueueGenericReset
<LI><a href="#[a1]">&gt;&gt;</a>&nbsp;&nbsp;&nbsp;prvUnlockQueue
<LI><a href="#[97]">&gt;&gt;</a>&nbsp;&nbsp;&nbsp;OUTLINED_FUNCTION_6
</UL>

<P><STRONG><a name="[7e]"></a>vTaskRemoveFromUnorderedEventList</STRONG> (Thumb, 76 bytes, Stack size 24 bytes, tasks.o(.text), UNUSED)
<BR><BR>[Calls]<UL><LI><a href="#[c8]">&gt;&gt;</a>&nbsp;&nbsp;&nbsp;OUTLINED_FUNCTION_9
<LI><a href="#[c7]">&gt;&gt;</a>&nbsp;&nbsp;&nbsp;OUTLINED_FUNCTION_5
<LI><a href="#[c0]">&gt;&gt;</a>&nbsp;&nbsp;&nbsp;uxListRemove
<LI><a href="#[bb]">&gt;&gt;</a>&nbsp;&nbsp;&nbsp;vListInsertEnd
<LI><a href="#[74]">&gt;&gt;</a>&nbsp;&nbsp;&nbsp;ulSetInterruptMask
</UL>
<BR>[Called By]<UL><LI><a href="#[83]">&gt;&gt;</a>&nbsp;&nbsp;&nbsp;vEventGroupDelete
<LI><a href="#[77]">&gt;&gt;</a>&nbsp;&nbsp;&nbsp;xEventGroupSetBits
</UL>

<P><STRONG><a name="[df]"></a>vTaskSetTimeOutState</STRONG> (Thumb, 32 bytes, Stack size 8 bytes, tasks.o(.text), UNUSED)
<BR><BR>[Calls]<UL><LI><a href="#[bd]">&gt;&gt;</a>&nbsp;&nbsp;&nbsp;OUTLINED_FUNCTION_2
<LI><a href="#[7d]">&gt;&gt;</a>&nbsp;&nbsp;&nbsp;vPortExitCritical
<LI><a href="#[74]">&gt;&gt;</a>&nbsp;&nbsp;&nbsp;ulSetInterruptMask
</UL>

<P><STRONG><a name="[8f]"></a>vTaskInternalSetTimeOutState</STRONG> (Thumb, 12 bytes, Stack size 0 bytes, tasks.o(.text))
<BR><BR>[Called By]<UL><LI><a href="#[a8]">&gt;&gt;</a>&nbsp;&nbsp;&nbsp;xQueuePeek
<LI><a href="#[a5]">&gt;&gt;</a>&nbsp;&nbsp;&nbsp;xQueueReceive
<LI><a href="#[99]">&gt;&gt;</a>&nbsp;&nbsp;&nbsp;xQueueSemaphoreTake
<LI><a href="#[8c]">&gt;&gt;</a>&nbsp;&nbsp;&nbsp;xQueueGenericSend
</UL>

<P><STRONG><a name="[92]"></a>xTaskCheckForTimeOut</STRONG> (Thumb, 96 bytes, Stack size 24 bytes, tasks.o(.text))
<BR><BR>[Stack]<UL><LI>Max Depth = 32<LI>Call Chain = xTaskCheckForTimeOut &rArr; OUTLINED_FUNCTION_2 &rArr; vPortEnterCritical
</UL>
<BR>[Calls]<UL><LI><a href="#[bd]">&gt;&gt;</a>&nbsp;&nbsp;&nbsp;OUTLINED_FUNCTION_2
<LI><a href="#[7d]">&gt;&gt;</a>&nbsp;&nbsp;&nbsp;vPortExitCritical
<LI><a href="#[74]">&gt;&gt;</a>&nbsp;&nbsp;&nbsp;ulSetInterruptMask
</UL>
<BR>[Called By]<UL><LI><a href="#[a8]">&gt;&gt;</a>&nbsp;&nbsp;&nbsp;xQueuePeek
<LI><a href="#[a5]">&gt;&gt;</a>&nbsp;&nbsp;&nbsp;xQueueReceive
<LI><a href="#[99]">&gt;&gt;</a>&nbsp;&nbsp;&nbsp;xQueueSemaphoreTake
<LI><a href="#[8c]">&gt;&gt;</a>&nbsp;&nbsp;&nbsp;xQueueGenericSend
</UL>

<P><STRONG><a name="[a2]"></a>vTaskMissedYield</STRONG> (Thumb, 8 bytes, Stack size 0 bytes, tasks.o(.text))
<BR><BR>[Called By]<UL><LI><a href="#[a1]">&gt;&gt;</a>&nbsp;&nbsp;&nbsp;prvUnlockQueue
</UL>

<P><STRONG><a name="[8e]"></a>xTaskGetCurrentTaskHandle</STRONG> (Thumb, 8 bytes, Stack size 0 bytes, tasks.o(.text), UNUSED)
<BR><BR>[Called By]<UL><LI><a href="#[98]">&gt;&gt;</a>&nbsp;&nbsp;&nbsp;xQueueTakeMutexRecursive
<LI><a href="#[8d]">&gt;&gt;</a>&nbsp;&nbsp;&nbsp;xQueueGiveMutexRecursive
</UL>

<P><STRONG><a name="[75]"></a>xTaskGetSchedulerState</STRONG> (Thumb, 24 bytes, Stack size 0 bytes, tasks.o(.text))
<BR><BR>[Called By]<UL><LI><a href="#[e9]">&gt;&gt;</a>&nbsp;&nbsp;&nbsp;xTimerGenericCommand
<LI><a href="#[a8]">&gt;&gt;</a>&nbsp;&nbsp;&nbsp;xQueuePeek
<LI><a href="#[a5]">&gt;&gt;</a>&nbsp;&nbsp;&nbsp;xQueueReceive
<LI><a href="#[99]">&gt;&gt;</a>&nbsp;&nbsp;&nbsp;xQueueSemaphoreTake
<LI><a href="#[8c]">&gt;&gt;</a>&nbsp;&nbsp;&nbsp;xQueueGenericSend
<LI><a href="#[7f]">&gt;&gt;</a>&nbsp;&nbsp;&nbsp;xEventGroupWaitBits
<LI><a href="#[73]">&gt;&gt;</a>&nbsp;&nbsp;&nbsp;xEventGroupSync
</UL>

<P><STRONG><a name="[9b]"></a>xTaskPriorityInherit</STRONG> (Thumb, 140 bytes, Stack size 24 bytes, tasks.o(.text), UNUSED)
<BR><BR>[Calls]<UL><LI><a href="#[d4]">&gt;&gt;</a>&nbsp;&nbsp;&nbsp;OUTLINED_FUNCTION_7
<LI><a href="#[cf]">&gt;&gt;</a>&nbsp;&nbsp;&nbsp;OUTLINED_FUNCTION_10
<LI><a href="#[c3]">&gt;&gt;</a>&nbsp;&nbsp;&nbsp;OUTLINED_FUNCTION_4
<LI><a href="#[be]">&gt;&gt;</a>&nbsp;&nbsp;&nbsp;OUTLINED_FUNCTION_0
</UL>
<BR>[Called By]<UL><LI><a href="#[99]">&gt;&gt;</a>&nbsp;&nbsp;&nbsp;xQueueSemaphoreTake
</UL>

<P><STRONG><a name="[a0]"></a>xTaskPriorityDisinherit</STRONG> (Thumb, 124 bytes, Stack size 24 bytes, tasks.o(.text))
<BR><BR>[Stack]<UL><LI>Max Depth = 32<LI>Call Chain = xTaskPriorityDisinherit &rArr; OUTLINED_FUNCTION_4 &rArr; vListInsertEnd
</UL>
<BR>[Calls]<UL><LI><a href="#[c3]">&gt;&gt;</a>&nbsp;&nbsp;&nbsp;OUTLINED_FUNCTION_4
<LI><a href="#[bf]">&gt;&gt;</a>&nbsp;&nbsp;&nbsp;OUTLINED_FUNCTION_3
<LI><a href="#[be]">&gt;&gt;</a>&nbsp;&nbsp;&nbsp;OUTLINED_FUNCTION_0
<LI><a href="#[74]">&gt;&gt;</a>&nbsp;&nbsp;&nbsp;ulSetInterruptMask
</UL>
<BR>[Called By]<UL><LI><a href="#[95]">&gt;&gt;</a>&nbsp;&nbsp;&nbsp;prvCopyDataToQueue
</UL>

<P><STRONG><a name="[9d]"></a>vTaskPriorityDisinheritAfterTimeout</STRONG> (Thumb, 136 bytes, Stack size 24 bytes, tasks.o(.text), UNUSED)
<BR><BR>[Calls]<UL><LI><a href="#[cf]">&gt;&gt;</a>&nbsp;&nbsp;&nbsp;OUTLINED_FUNCTION_10
<LI><a href="#[be]">&gt;&gt;</a>&nbsp;&nbsp;&nbsp;OUTLINED_FUNCTION_0
<LI><a href="#[bb]">&gt;&gt;</a>&nbsp;&nbsp;&nbsp;vListInsertEnd
<LI><a href="#[74]">&gt;&gt;</a>&nbsp;&nbsp;&nbsp;ulSetInterruptMask
</UL>
<BR>[Called By]<UL><LI><a href="#[99]">&gt;&gt;</a>&nbsp;&nbsp;&nbsp;xQueueSemaphoreTake
</UL>

<P><STRONG><a name="[7b]"></a>uxTaskResetEventItemValue</STRONG> (Thumb, 20 bytes, Stack size 0 bytes, tasks.o(.text), UNUSED)
<BR><BR>[Called By]<UL><LI><a href="#[7f]">&gt;&gt;</a>&nbsp;&nbsp;&nbsp;xEventGroupWaitBits
<LI><a href="#[73]">&gt;&gt;</a>&nbsp;&nbsp;&nbsp;xEventGroupSync
</UL>

<P><STRONG><a name="[9c]"></a>pvTaskIncrementMutexHeldCount</STRONG> (Thumb, 20 bytes, Stack size 0 bytes, tasks.o(.text), UNUSED)
<BR><BR>[Called By]<UL><LI><a href="#[99]">&gt;&gt;</a>&nbsp;&nbsp;&nbsp;xQueueSemaphoreTake
</UL>

<P><STRONG><a name="[e0]"></a>ulTaskNotifyTake</STRONG> (Thumb, 80 bytes, Stack size 16 bytes, tasks.o(.text), UNUSED)
<BR><BR>[Calls]<UL><LI><a href="#[c5]">&gt;&gt;</a>&nbsp;&nbsp;&nbsp;prvAddCurrentTaskToDelayedList
<LI><a href="#[bd]">&gt;&gt;</a>&nbsp;&nbsp;&nbsp;OUTLINED_FUNCTION_2
<LI><a href="#[7d]">&gt;&gt;</a>&nbsp;&nbsp;&nbsp;vPortExitCritical
<LI><a href="#[7c]">&gt;&gt;</a>&nbsp;&nbsp;&nbsp;vPortEnterCritical
<LI><a href="#[7a]">&gt;&gt;</a>&nbsp;&nbsp;&nbsp;vPortYield
</UL>

<P><STRONG><a name="[e1]"></a>xTaskNotifyWait</STRONG> (Thumb, 116 bytes, Stack size 24 bytes, tasks.o(.text), UNUSED)
<BR><BR>[Calls]<UL><LI><a href="#[c5]">&gt;&gt;</a>&nbsp;&nbsp;&nbsp;prvAddCurrentTaskToDelayedList
<LI><a href="#[7d]">&gt;&gt;</a>&nbsp;&nbsp;&nbsp;vPortExitCritical
<LI><a href="#[7c]">&gt;&gt;</a>&nbsp;&nbsp;&nbsp;vPortEnterCritical
<LI><a href="#[7a]">&gt;&gt;</a>&nbsp;&nbsp;&nbsp;vPortYield
</UL>

<P><STRONG><a name="[e2]"></a>xTaskGenericNotify</STRONG> (Thumb, 148 bytes, Stack size 24 bytes, tasks.o(.text), UNUSED)
<BR><BR>[Calls]<UL><LI><a href="#[d7]">&gt;&gt;</a>&nbsp;&nbsp;&nbsp;OUTLINED_FUNCTION_8
<LI><a href="#[bd]">&gt;&gt;</a>&nbsp;&nbsp;&nbsp;OUTLINED_FUNCTION_2
<LI><a href="#[c0]">&gt;&gt;</a>&nbsp;&nbsp;&nbsp;uxListRemove
<LI><a href="#[7d]">&gt;&gt;</a>&nbsp;&nbsp;&nbsp;vPortExitCritical
<LI><a href="#[7a]">&gt;&gt;</a>&nbsp;&nbsp;&nbsp;vPortYield
<LI><a href="#[74]">&gt;&gt;</a>&nbsp;&nbsp;&nbsp;ulSetInterruptMask
</UL>

<P><STRONG><a name="[e3]"></a>xTaskGenericNotifyFromISR</STRONG> (Thumb, 168 bytes, Stack size 24 bytes, tasks.o(.text), UNUSED)
<BR><BR>[Calls]<UL><LI><a href="#[d4]">&gt;&gt;</a>&nbsp;&nbsp;&nbsp;OUTLINED_FUNCTION_7
<LI><a href="#[d3]">&gt;&gt;</a>&nbsp;&nbsp;&nbsp;OUTLINED_FUNCTION_1
<LI><a href="#[c7]">&gt;&gt;</a>&nbsp;&nbsp;&nbsp;OUTLINED_FUNCTION_5
<LI><a href="#[bb]">&gt;&gt;</a>&nbsp;&nbsp;&nbsp;vListInsertEnd
<LI><a href="#[82]">&gt;&gt;</a>&nbsp;&nbsp;&nbsp;vClearInterruptMask
<LI><a href="#[74]">&gt;&gt;</a>&nbsp;&nbsp;&nbsp;ulSetInterruptMask
</UL>

<P><STRONG><a name="[e4]"></a>vTaskNotifyGiveFromISR</STRONG> (Thumb, 124 bytes, Stack size 24 bytes, tasks.o(.text), UNUSED)
<BR><BR>[Calls]<UL><LI><a href="#[d6]">&gt;&gt;</a>&nbsp;&nbsp;&nbsp;OUTLINED_FUNCTION_6
<LI><a href="#[c0]">&gt;&gt;</a>&nbsp;&nbsp;&nbsp;uxListRemove
<LI><a href="#[bb]">&gt;&gt;</a>&nbsp;&nbsp;&nbsp;vListInsertEnd
<LI><a href="#[82]">&gt;&gt;</a>&nbsp;&nbsp;&nbsp;vClearInterruptMask
<LI><a href="#[74]">&gt;&gt;</a>&nbsp;&nbsp;&nbsp;ulSetInterruptMask
</UL>

<P><STRONG><a name="[e5]"></a>xTaskNotifyStateClear</STRONG> (Thumb, 40 bytes, Stack size 16 bytes, tasks.o(.text), UNUSED)
<BR><BR>[Calls]<UL><LI><a href="#[7d]">&gt;&gt;</a>&nbsp;&nbsp;&nbsp;vPortExitCritical
<LI><a href="#[7c]">&gt;&gt;</a>&nbsp;&nbsp;&nbsp;vPortEnterCritical
</UL>

<P><STRONG><a name="[d9]"></a>xTimerCreateTimerTask</STRONG> (Thumb, 44 bytes, Stack size 16 bytes, timers.o(.text), UNUSED)
<BR><BR>[Calls]<UL><LI><a href="#[e6]">&gt;&gt;</a>&nbsp;&nbsp;&nbsp;prvCheckForValidListAndQueue
<LI><a href="#[b]">&gt;&gt;</a>&nbsp;&nbsp;&nbsp;xTaskCreate
<LI><a href="#[74]">&gt;&gt;</a>&nbsp;&nbsp;&nbsp;ulSetInterruptMask
</UL>
<BR>[Called By]<UL><LI><a href="#[d8]">&gt;&gt;</a>&nbsp;&nbsp;&nbsp;vTaskStartScheduler
</UL>

<P><STRONG><a name="[ea]"></a>xTimerCreate</STRONG> (Thumb, 60 bytes, Stack size 32 bytes, timers.o(.text), UNUSED)
<BR><BR>[Calls]<UL><LI><a href="#[e6]">&gt;&gt;</a>&nbsp;&nbsp;&nbsp;prvCheckForValidListAndQueue
<LI><a href="#[b9]">&gt;&gt;</a>&nbsp;&nbsp;&nbsp;vListInitialiseItem
<LI><a href="#[74]">&gt;&gt;</a>&nbsp;&nbsp;&nbsp;ulSetInterruptMask
<LI><a href="#[72]">&gt;&gt;</a>&nbsp;&nbsp;&nbsp;pvPortMalloc
</UL>
<BR>[Called By]<UL><LI><a href="#[243]">&gt;&gt;</a>&nbsp;&nbsp;&nbsp;sw_timer_init
</UL>

<P><STRONG><a name="[e9]"></a>xTimerGenericCommand</STRONG> (Thumb, 72 bytes, Stack size 32 bytes, timers.o(.text))
<BR><BR>[Stack]<UL><LI>Max Depth = 168<LI>Call Chain = xTimerGenericCommand &rArr; xQueueGenericSend &rArr; OUTLINED_FUNCTION_0 &rArr; prvUnlockQueue &rArr; prvNotifyQueueSetContainer &rArr; prvCopyDataToQueue &rArr; xTaskPriorityDisinherit &rArr; OUTLINED_FUNCTION_4 &rArr; vListInsertEnd
</UL>
<BR>[Calls]<UL><LI><a href="#[a3]">&gt;&gt;</a>&nbsp;&nbsp;&nbsp;xQueueGenericSendFromISR
<LI><a href="#[8c]">&gt;&gt;</a>&nbsp;&nbsp;&nbsp;xQueueGenericSend
<LI><a href="#[75]">&gt;&gt;</a>&nbsp;&nbsp;&nbsp;xTaskGetSchedulerState
<LI><a href="#[74]">&gt;&gt;</a>&nbsp;&nbsp;&nbsp;ulSetInterruptMask
</UL>
<BR>[Called By]<UL><LI><a href="#[e7]">&gt;&gt;</a>&nbsp;&nbsp;&nbsp;prvSampleTimeNow
<LI><a href="#[7]">&gt;&gt;</a>&nbsp;&nbsp;&nbsp;prvTimerTask
<LI><a href="#[243]">&gt;&gt;</a>&nbsp;&nbsp;&nbsp;sw_timer_init
</UL>

<P><STRONG><a name="[eb]"></a>xTimerGetTimerDaemonTaskHandle</STRONG> (Thumb, 20 bytes, Stack size 8 bytes, timers.o(.text), UNUSED)
<BR><BR>[Calls]<UL><LI><a href="#[74]">&gt;&gt;</a>&nbsp;&nbsp;&nbsp;ulSetInterruptMask
</UL>

<P><STRONG><a name="[ec]"></a>xTimerGetPeriod</STRONG> (Thumb, 18 bytes, Stack size 8 bytes, timers.o(.text), UNUSED)
<BR><BR>[Calls]<UL><LI><a href="#[74]">&gt;&gt;</a>&nbsp;&nbsp;&nbsp;ulSetInterruptMask
</UL>

<P><STRONG><a name="[ed]"></a>xTimerGetExpiryTime</STRONG> (Thumb, 18 bytes, Stack size 8 bytes, timers.o(.text), UNUSED)
<BR><BR>[Calls]<UL><LI><a href="#[74]">&gt;&gt;</a>&nbsp;&nbsp;&nbsp;ulSetInterruptMask
</UL>

<P><STRONG><a name="[ee]"></a>pcTimerGetName</STRONG> (Thumb, 18 bytes, Stack size 8 bytes, timers.o(.text), UNUSED)
<BR><BR>[Calls]<UL><LI><a href="#[74]">&gt;&gt;</a>&nbsp;&nbsp;&nbsp;ulSetInterruptMask
</UL>

<P><STRONG><a name="[ef]"></a>xTimerIsTimerActive</STRONG> (Thumb, 32 bytes, Stack size 8 bytes, timers.o(.text), UNUSED)
<BR><BR>[Calls]<UL><LI><a href="#[7d]">&gt;&gt;</a>&nbsp;&nbsp;&nbsp;vPortExitCritical
<LI><a href="#[7c]">&gt;&gt;</a>&nbsp;&nbsp;&nbsp;vPortEnterCritical
<LI><a href="#[74]">&gt;&gt;</a>&nbsp;&nbsp;&nbsp;ulSetInterruptMask
</UL>

<P><STRONG><a name="[f0]"></a>pvTimerGetTimerID</STRONG> (Thumb, 26 bytes, Stack size 8 bytes, timers.o(.text), UNUSED)
<BR><BR>[Calls]<UL><LI><a href="#[7d]">&gt;&gt;</a>&nbsp;&nbsp;&nbsp;vPortExitCritical
<LI><a href="#[7c]">&gt;&gt;</a>&nbsp;&nbsp;&nbsp;vPortEnterCritical
<LI><a href="#[74]">&gt;&gt;</a>&nbsp;&nbsp;&nbsp;ulSetInterruptMask
</UL>

<P><STRONG><a name="[f1]"></a>vTimerSetTimerID</STRONG> (Thumb, 28 bytes, Stack size 16 bytes, timers.o(.text), UNUSED)
<BR><BR>[Calls]<UL><LI><a href="#[7d]">&gt;&gt;</a>&nbsp;&nbsp;&nbsp;vPortExitCritical
<LI><a href="#[7c]">&gt;&gt;</a>&nbsp;&nbsp;&nbsp;vPortEnterCritical
<LI><a href="#[74]">&gt;&gt;</a>&nbsp;&nbsp;&nbsp;ulSetInterruptMask
</UL>

<P><STRONG><a name="[f2]"></a>xTimerPendFunctionCallFromISR</STRONG> (Thumb, 32 bytes, Stack size 24 bytes, timers.o(.text), UNUSED)
<BR><BR>[Calls]<UL><LI><a href="#[a3]">&gt;&gt;</a>&nbsp;&nbsp;&nbsp;xQueueGenericSendFromISR
</UL>

<P><STRONG><a name="[f3]"></a>xTimerPendFunctionCall</STRONG> (Thumb, 44 bytes, Stack size 24 bytes, timers.o(.text), UNUSED)
<BR><BR>[Calls]<UL><LI><a href="#[8c]">&gt;&gt;</a>&nbsp;&nbsp;&nbsp;xQueueGenericSend
<LI><a href="#[74]">&gt;&gt;</a>&nbsp;&nbsp;&nbsp;ulSetInterruptMask
</UL>

<P><STRONG><a name="[f5]"></a>systick_clk_src_setup_rom</STRONG> (Thumb, 44 bytes, Stack size 8 bytes, port.o(.text), UNUSED)
<BR><BR>[Calls]<UL><LI><a href="#[f7]">&gt;&gt;</a>&nbsp;&nbsp;&nbsp;btaon_fast_write
<LI><a href="#[f6]">&gt;&gt;</a>&nbsp;&nbsp;&nbsp;btaon_fast_read
</UL>
<BR>[Called By]<UL><LI><a href="#[f8]">&gt;&gt;</a>&nbsp;&nbsp;&nbsp;vPortSetupTimerInterrupt
</UL>

<P><STRONG><a name="[f8]"></a>vPortSetupTimerInterrupt</STRONG> (Thumb, 28 bytes, Stack size 8 bytes, port.o(.text), UNUSED)
<BR><BR>[Calls]<UL><LI><a href="#[f5]">&gt;&gt;</a>&nbsp;&nbsp;&nbsp;systick_clk_src_setup_rom
</UL>
<BR>[Called By]<UL><LI><a href="#[da]">&gt;&gt;</a>&nbsp;&nbsp;&nbsp;xPortStartScheduler
</UL>

<P><STRONG><a name="[7a]"></a>vPortYield</STRONG> (Thumb, 20 bytes, Stack size 0 bytes, port.o(.text))
<BR><BR>[Called By]<UL><LI><a href="#[a]">&gt;&gt;</a>&nbsp;&nbsp;&nbsp;vSenderTask
<LI><a href="#[7]">&gt;&gt;</a>&nbsp;&nbsp;&nbsp;prvTimerTask
<LI><a href="#[e2]">&gt;&gt;</a>&nbsp;&nbsp;&nbsp;xTaskGenericNotify
<LI><a href="#[e1]">&gt;&gt;</a>&nbsp;&nbsp;&nbsp;xTaskNotifyWait
<LI><a href="#[e0]">&gt;&gt;</a>&nbsp;&nbsp;&nbsp;ulTaskNotifyTake
<LI><a href="#[d2]">&gt;&gt;</a>&nbsp;&nbsp;&nbsp;vTaskResume
<LI><a href="#[d0]">&gt;&gt;</a>&nbsp;&nbsp;&nbsp;vTaskSuspend
<LI><a href="#[ce]">&gt;&gt;</a>&nbsp;&nbsp;&nbsp;vTaskPrioritySet
<LI><a href="#[ca]">&gt;&gt;</a>&nbsp;&nbsp;&nbsp;vTaskDelay
<LI><a href="#[c4]">&gt;&gt;</a>&nbsp;&nbsp;&nbsp;vTaskDelayUntil
<LI><a href="#[bc]">&gt;&gt;</a>&nbsp;&nbsp;&nbsp;vTaskDelete
<LI><a href="#[b]">&gt;&gt;</a>&nbsp;&nbsp;&nbsp;xTaskCreate
<LI><a href="#[6]">&gt;&gt;</a>&nbsp;&nbsp;&nbsp;prvIdleTask
<LI><a href="#[a8]">&gt;&gt;</a>&nbsp;&nbsp;&nbsp;xQueuePeek
<LI><a href="#[a5]">&gt;&gt;</a>&nbsp;&nbsp;&nbsp;xQueueReceive
<LI><a href="#[99]">&gt;&gt;</a>&nbsp;&nbsp;&nbsp;xQueueSemaphoreTake
<LI><a href="#[8c]">&gt;&gt;</a>&nbsp;&nbsp;&nbsp;xQueueGenericSend
<LI><a href="#[87]">&gt;&gt;</a>&nbsp;&nbsp;&nbsp;xQueueGenericReset
<LI><a href="#[7f]">&gt;&gt;</a>&nbsp;&nbsp;&nbsp;xEventGroupWaitBits
<LI><a href="#[79]">&gt;&gt;</a>&nbsp;&nbsp;&nbsp;xTaskResumeAll
<LI><a href="#[73]">&gt;&gt;</a>&nbsp;&nbsp;&nbsp;xEventGroupSync
</UL>

<P><STRONG><a name="[7c]"></a>vPortEnterCritical</STRONG> (Thumb, 24 bytes, Stack size 8 bytes, port.o(.text))
<BR><BR>[Stack]<UL><LI>Max Depth = 8<LI>Call Chain = vPortEnterCritical
</UL>
<BR>[Calls]<UL><LI><a href="#[74]">&gt;&gt;</a>&nbsp;&nbsp;&nbsp;ulSetInterruptMask
</UL>
<BR>[Called By]<UL><LI><a href="#[f1]">&gt;&gt;</a>&nbsp;&nbsp;&nbsp;vTimerSetTimerID
<LI><a href="#[f0]">&gt;&gt;</a>&nbsp;&nbsp;&nbsp;pvTimerGetTimerID
<LI><a href="#[ef]">&gt;&gt;</a>&nbsp;&nbsp;&nbsp;xTimerIsTimerActive
<LI><a href="#[e6]">&gt;&gt;</a>&nbsp;&nbsp;&nbsp;prvCheckForValidListAndQueue
<LI><a href="#[e5]">&gt;&gt;</a>&nbsp;&nbsp;&nbsp;xTaskNotifyStateClear
<LI><a href="#[e1]">&gt;&gt;</a>&nbsp;&nbsp;&nbsp;xTaskNotifyWait
<LI><a href="#[e0]">&gt;&gt;</a>&nbsp;&nbsp;&nbsp;ulTaskNotifyTake
<LI><a href="#[d2]">&gt;&gt;</a>&nbsp;&nbsp;&nbsp;vTaskResume
<LI><a href="#[d0]">&gt;&gt;</a>&nbsp;&nbsp;&nbsp;vTaskSuspend
<LI><a href="#[cb]">&gt;&gt;</a>&nbsp;&nbsp;&nbsp;eTaskGetState
<LI><a href="#[b]">&gt;&gt;</a>&nbsp;&nbsp;&nbsp;xTaskCreate
<LI><a href="#[6]">&gt;&gt;</a>&nbsp;&nbsp;&nbsp;prvIdleTask
<LI><a href="#[bd]">&gt;&gt;</a>&nbsp;&nbsp;&nbsp;OUTLINED_FUNCTION_2
<LI><a href="#[b5]">&gt;&gt;</a>&nbsp;&nbsp;&nbsp;xQueueRemoveFromSet
<LI><a href="#[b4]">&gt;&gt;</a>&nbsp;&nbsp;&nbsp;xQueueAddToSet
<LI><a href="#[a8]">&gt;&gt;</a>&nbsp;&nbsp;&nbsp;xQueuePeek
<LI><a href="#[a5]">&gt;&gt;</a>&nbsp;&nbsp;&nbsp;xQueueReceive
<LI><a href="#[99]">&gt;&gt;</a>&nbsp;&nbsp;&nbsp;xQueueSemaphoreTake
<LI><a href="#[8c]">&gt;&gt;</a>&nbsp;&nbsp;&nbsp;xQueueGenericSend
<LI><a href="#[a1]">&gt;&gt;</a>&nbsp;&nbsp;&nbsp;prvUnlockQueue
<LI><a href="#[88]">&gt;&gt;</a>&nbsp;&nbsp;&nbsp;OUTLINED_FUNCTION_2
<LI><a href="#[80]">&gt;&gt;</a>&nbsp;&nbsp;&nbsp;xEventGroupClearBits
<LI><a href="#[7f]">&gt;&gt;</a>&nbsp;&nbsp;&nbsp;xEventGroupWaitBits
<LI><a href="#[79]">&gt;&gt;</a>&nbsp;&nbsp;&nbsp;xTaskResumeAll
<LI><a href="#[73]">&gt;&gt;</a>&nbsp;&nbsp;&nbsp;xEventGroupSync
</UL>

<P><STRONG><a name="[7d]"></a>vPortExitCritical</STRONG> (Thumb, 36 bytes, Stack size 8 bytes, port.o(.text))
<BR><BR>[Stack]<UL><LI>Max Depth = 8<LI>Call Chain = vPortExitCritical
</UL>
<BR>[Calls]<UL><LI><a href="#[82]">&gt;&gt;</a>&nbsp;&nbsp;&nbsp;vClearInterruptMask
<LI><a href="#[74]">&gt;&gt;</a>&nbsp;&nbsp;&nbsp;ulSetInterruptMask
</UL>
<BR>[Called By]<UL><LI><a href="#[f1]">&gt;&gt;</a>&nbsp;&nbsp;&nbsp;vTimerSetTimerID
<LI><a href="#[f0]">&gt;&gt;</a>&nbsp;&nbsp;&nbsp;pvTimerGetTimerID
<LI><a href="#[ef]">&gt;&gt;</a>&nbsp;&nbsp;&nbsp;xTimerIsTimerActive
<LI><a href="#[e6]">&gt;&gt;</a>&nbsp;&nbsp;&nbsp;prvCheckForValidListAndQueue
<LI><a href="#[e5]">&gt;&gt;</a>&nbsp;&nbsp;&nbsp;xTaskNotifyStateClear
<LI><a href="#[e2]">&gt;&gt;</a>&nbsp;&nbsp;&nbsp;xTaskGenericNotify
<LI><a href="#[e1]">&gt;&gt;</a>&nbsp;&nbsp;&nbsp;xTaskNotifyWait
<LI><a href="#[e0]">&gt;&gt;</a>&nbsp;&nbsp;&nbsp;ulTaskNotifyTake
<LI><a href="#[df]">&gt;&gt;</a>&nbsp;&nbsp;&nbsp;vTaskSetTimeOutState
<LI><a href="#[d2]">&gt;&gt;</a>&nbsp;&nbsp;&nbsp;vTaskResume
<LI><a href="#[d0]">&gt;&gt;</a>&nbsp;&nbsp;&nbsp;vTaskSuspend
<LI><a href="#[ce]">&gt;&gt;</a>&nbsp;&nbsp;&nbsp;vTaskPrioritySet
<LI><a href="#[cc]">&gt;&gt;</a>&nbsp;&nbsp;&nbsp;uxTaskPriorityGet
<LI><a href="#[cb]">&gt;&gt;</a>&nbsp;&nbsp;&nbsp;eTaskGetState
<LI><a href="#[bc]">&gt;&gt;</a>&nbsp;&nbsp;&nbsp;vTaskDelete
<LI><a href="#[b]">&gt;&gt;</a>&nbsp;&nbsp;&nbsp;xTaskCreate
<LI><a href="#[6]">&gt;&gt;</a>&nbsp;&nbsp;&nbsp;prvIdleTask
<LI><a href="#[b5]">&gt;&gt;</a>&nbsp;&nbsp;&nbsp;xQueueRemoveFromSet
<LI><a href="#[b4]">&gt;&gt;</a>&nbsp;&nbsp;&nbsp;xQueueAddToSet
<LI><a href="#[b1]">&gt;&gt;</a>&nbsp;&nbsp;&nbsp;vQueueWaitForMessageRestricted
<LI><a href="#[ac]">&gt;&gt;</a>&nbsp;&nbsp;&nbsp;uxQueueSpacesAvailable
<LI><a href="#[ab]">&gt;&gt;</a>&nbsp;&nbsp;&nbsp;uxQueueMessagesWaiting
<LI><a href="#[a8]">&gt;&gt;</a>&nbsp;&nbsp;&nbsp;xQueuePeek
<LI><a href="#[a5]">&gt;&gt;</a>&nbsp;&nbsp;&nbsp;xQueueReceive
<LI><a href="#[99]">&gt;&gt;</a>&nbsp;&nbsp;&nbsp;xQueueSemaphoreTake
<LI><a href="#[92]">&gt;&gt;</a>&nbsp;&nbsp;&nbsp;xTaskCheckForTimeOut
<LI><a href="#[8c]">&gt;&gt;</a>&nbsp;&nbsp;&nbsp;xQueueGenericSend
<LI><a href="#[87]">&gt;&gt;</a>&nbsp;&nbsp;&nbsp;xQueueGenericReset
<LI><a href="#[a7]">&gt;&gt;</a>&nbsp;&nbsp;&nbsp;prvIsQueueEmpty
<LI><a href="#[a1]">&gt;&gt;</a>&nbsp;&nbsp;&nbsp;prvUnlockQueue
<LI><a href="#[80]">&gt;&gt;</a>&nbsp;&nbsp;&nbsp;xEventGroupClearBits
<LI><a href="#[7f]">&gt;&gt;</a>&nbsp;&nbsp;&nbsp;xEventGroupWaitBits
<LI><a href="#[79]">&gt;&gt;</a>&nbsp;&nbsp;&nbsp;xTaskResumeAll
<LI><a href="#[73]">&gt;&gt;</a>&nbsp;&nbsp;&nbsp;xEventGroupSync
</UL>

<P><STRONG><a name="[4]"></a>SysTick_Handler</STRONG> (Thumb, 32 bytes, Stack size 8 bytes, port.o(.text))
<BR><BR>[Stack]<UL><LI>Max Depth = 48<LI>Call Chain = SysTick_Handler &rArr; xTaskIncrementTick &rArr; OUTLINED_FUNCTION_4 &rArr; vListInsertEnd
</UL>
<BR>[Calls]<UL><LI><a href="#[c9]">&gt;&gt;</a>&nbsp;&nbsp;&nbsp;xTaskIncrementTick
<LI><a href="#[82]">&gt;&gt;</a>&nbsp;&nbsp;&nbsp;vClearInterruptMask
<LI><a href="#[74]">&gt;&gt;</a>&nbsp;&nbsp;&nbsp;ulSetInterruptMask
</UL>
<BR>[Address Reference Count : 3]<UL><LI> vector_table_auto_gen.o(.vectors_table)
<LI> vector_table_auto_gen.o(.ram_vector_table)
<LI> port.o(.text)
</UL>
<P><STRONG><a name="[ba]"></a>pxPortInitialiseStack</STRONG> (Thumb, 104 bytes, Stack size 20 bytes, port.o(.text))
<BR><BR>[Stack]<UL><LI>Max Depth = 20<LI>Call Chain = pxPortInitialiseStack
</UL>
<BR>[Called By]<UL><LI><a href="#[b]">&gt;&gt;</a>&nbsp;&nbsp;&nbsp;xTaskCreate
</UL>

<P><STRONG><a name="[da]"></a>xPortStartScheduler</STRONG> (Thumb, 64 bytes, Stack size 8 bytes, port.o(.text), UNUSED)
<BR><BR>[Calls]<UL><LI><a href="#[fa]">&gt;&gt;</a>&nbsp;&nbsp;&nbsp;vStartFirstTask
<LI><a href="#[f8]">&gt;&gt;</a>&nbsp;&nbsp;&nbsp;vPortSetupTimerInterrupt
<LI><a href="#[f9]">&gt;&gt;</a>&nbsp;&nbsp;&nbsp;OUTLINED_FUNCTION_0
<LI><a href="#[8]">&gt;&gt;</a>&nbsp;&nbsp;&nbsp;prvTaskExitError
<LI><a href="#[d1]">&gt;&gt;</a>&nbsp;&nbsp;&nbsp;vTaskSwitchContext
</UL>
<BR>[Called By]<UL><LI><a href="#[d8]">&gt;&gt;</a>&nbsp;&nbsp;&nbsp;vTaskStartScheduler
</UL>

<P><STRONG><a name="[dd]"></a>vPortEndScheduler</STRONG> (Thumb, 24 bytes, Stack size 8 bytes, port.o(.text), UNUSED)
<BR><BR>[Calls]<UL><LI><a href="#[74]">&gt;&gt;</a>&nbsp;&nbsp;&nbsp;ulSetInterruptMask
</UL>
<BR>[Called By]<UL><LI><a href="#[dc]">&gt;&gt;</a>&nbsp;&nbsp;&nbsp;vTaskEndScheduler
</UL>

<P><STRONG><a name="[3e0]"></a>xPortIsInsideInterrupt</STRONG> (Thumb, 12 bytes, Stack size 0 bytes, port.o(.text), UNUSED)

<P><STRONG><a name="[db]"></a>vApplicationIdleHook</STRONG> (Thumb, 2 bytes, Stack size 0 bytes, port.o(.text))
<BR><BR>[Called By]<UL><LI><a href="#[6]">&gt;&gt;</a>&nbsp;&nbsp;&nbsp;prvIdleTask
</UL>

<P><STRONG><a name="[fb]"></a>xPortStartSchedulerInRestore</STRONG> (Thumb, 28 bytes, Stack size 0 bytes, port.o(.text), UNUSED)
<BR><BR>[Calls]<UL><LI><a href="#[f9]">&gt;&gt;</a>&nbsp;&nbsp;&nbsp;OUTLINED_FUNCTION_0
</UL>

<P><STRONG><a name="[d]"></a>vPortSVCHandler_C</STRONG> (Thumb, 48 bytes, Stack size 8 bytes, port.o(.text.vPortSVCHandler_C))
<BR><BR>[Stack]<UL><LI>Max Depth = 8<LI>Call Chain = vPortSVCHandler_C
</UL>
<BR>[Calls]<UL><LI><a href="#[fc]">&gt;&gt;</a>&nbsp;&nbsp;&nbsp;vRestoreContextOfFirstTask
<LI><a href="#[74]">&gt;&gt;</a>&nbsp;&nbsp;&nbsp;ulSetInterruptMask
</UL>
<BR>[Address Reference Count : 1]<UL><LI> portasm.o(.text)
</UL>
<P><STRONG><a name="[70]"></a>__main</STRONG> (Thumb, 8 bytes, Stack size 0 bytes, __main.o(!!!main))
<BR><BR>[Calls]<UL><LI><a href="#[fe]">&gt;&gt;</a>&nbsp;&nbsp;&nbsp;__rt_entry
<LI><a href="#[fd]">&gt;&gt;</a>&nbsp;&nbsp;&nbsp;__scatterload
</UL>

<P><STRONG><a name="[fd]"></a>__scatterload</STRONG> (Thumb, 0 bytes, Stack size unknown bytes, __scatter.o(!!!scatter))
<BR><BR>[Called By]<UL><LI><a href="#[70]">&gt;&gt;</a>&nbsp;&nbsp;&nbsp;__main
</UL>

<P><STRONG><a name="[ff]"></a>__scatterload_rt2</STRONG> (Thumb, 84 bytes, Stack size unknown bytes, __scatter.o(!!!scatter), UNUSED)
<BR><BR>[Calls]<UL><LI><a href="#[fe]">&gt;&gt;</a>&nbsp;&nbsp;&nbsp;__rt_entry
</UL>

<P><STRONG><a name="[3e1]"></a>__scatterload_rt2_thumb_only</STRONG> (Thumb, 0 bytes, Stack size unknown bytes, __scatter.o(!!!scatter), UNUSED)

<P><STRONG><a name="[3e2]"></a>__scatterload_loop</STRONG> (Thumb, 0 bytes, Stack size unknown bytes, __scatter.o(!!!scatter), UNUSED)

<P><STRONG><a name="[100]"></a>__scatterload_copy</STRONG> (Thumb, 26 bytes, Stack size unknown bytes, __scatter_copy.o(!!handler_copy), UNUSED)
<BR><BR>[Calls]<UL><LI><a href="#[100]">&gt;&gt;</a>&nbsp;&nbsp;&nbsp;__scatterload_copy
</UL>
<BR>[Called By]<UL><LI><a href="#[100]">&gt;&gt;</a>&nbsp;&nbsp;&nbsp;__scatterload_copy
</UL>

<P><STRONG><a name="[3e3]"></a>__scatterload_null</STRONG> (Thumb, 2 bytes, Stack size unknown bytes, __scatter.o(!!handler_null), UNUSED)

<P><STRONG><a name="[3e4]"></a>__scatterload_zeroinit</STRONG> (Thumb, 28 bytes, Stack size unknown bytes, __scatter_zi.o(!!handler_zi), UNUSED)

<P><STRONG><a name="[101]"></a>_printf_n</STRONG> (Thumb, 0 bytes, Stack size unknown bytes, _printf_n.o(.ARM.Collect$$_printf_percent$$00000001))
<BR><BR>[Calls]<UL><LI><a href="#[102]">&gt;&gt;</a>&nbsp;&nbsp;&nbsp;_printf_charcount
</UL>

<P><STRONG><a name="[393]"></a>_printf_percent</STRONG> (Thumb, 0 bytes, Stack size unknown bytes, _printf_percent.o(.ARM.Collect$$_printf_percent$$00000000))
<BR><BR>[Called By]<UL><LI><a href="#[391]">&gt;&gt;</a>&nbsp;&nbsp;&nbsp;__printf
</UL>

<P><STRONG><a name="[103]"></a>_printf_p</STRONG> (Thumb, 0 bytes, Stack size unknown bytes, _printf_p.o(.ARM.Collect$$_printf_percent$$00000002))
<BR><BR>[Stack]<UL><LI>Max Depth = 64 + Unknown Stack Size
<LI>Call Chain = _printf_p &rArr; _printf_hex_ptr &rArr; _printf_longlong_hex &rArr; _printf_int_common &rArr; _printf_post_padding
</UL>
<BR>[Calls]<UL><LI><a href="#[104]">&gt;&gt;</a>&nbsp;&nbsp;&nbsp;_printf_hex_ptr
</UL>

<P><STRONG><a name="[105]"></a>_printf_f</STRONG> (Thumb, 0 bytes, Stack size unknown bytes, _printf_f.o(.ARM.Collect$$_printf_percent$$00000003))
<BR><BR>[Stack]<UL><LI>Max Depth = 324 + Unknown Stack Size
<LI>Call Chain = _printf_f &rArr; _printf_fp_dec &rArr; _printf_fp_dec_real &rArr; _fp_digits &rArr; _btod_etento &rArr; _btod_emul &rArr; _e2e
</UL>
<BR>[Calls]<UL><LI><a href="#[106]">&gt;&gt;</a>&nbsp;&nbsp;&nbsp;_printf_fp_dec
</UL>

<P><STRONG><a name="[107]"></a>_printf_e</STRONG> (Thumb, 0 bytes, Stack size unknown bytes, _printf_e.o(.ARM.Collect$$_printf_percent$$00000004))
<BR><BR>[Stack]<UL><LI>Max Depth = 324 + Unknown Stack Size
<LI>Call Chain = _printf_e &rArr; _printf_fp_dec &rArr; _printf_fp_dec_real &rArr; _fp_digits &rArr; _btod_etento &rArr; _btod_emul &rArr; _e2e
</UL>
<BR>[Calls]<UL><LI><a href="#[106]">&gt;&gt;</a>&nbsp;&nbsp;&nbsp;_printf_fp_dec
</UL>

<P><STRONG><a name="[108]"></a>_printf_g</STRONG> (Thumb, 0 bytes, Stack size unknown bytes, _printf_g.o(.ARM.Collect$$_printf_percent$$00000005))
<BR><BR>[Stack]<UL><LI>Max Depth = 324 + Unknown Stack Size
<LI>Call Chain = _printf_g &rArr; _printf_fp_dec &rArr; _printf_fp_dec_real &rArr; _fp_digits &rArr; _btod_etento &rArr; _btod_emul &rArr; _e2e
</UL>
<BR>[Calls]<UL><LI><a href="#[106]">&gt;&gt;</a>&nbsp;&nbsp;&nbsp;_printf_fp_dec
</UL>

<P><STRONG><a name="[109]"></a>_printf_a</STRONG> (Thumb, 0 bytes, Stack size unknown bytes, _printf_a.o(.ARM.Collect$$_printf_percent$$00000006))
<BR><BR>[Stack]<UL><LI>Max Depth = 112 + Unknown Stack Size
<LI>Call Chain = _printf_a &rArr; _printf_fp_hex &rArr; _printf_fp_hex_real &rArr; _printf_fp_infnan &rArr; _printf_post_padding
</UL>
<BR>[Calls]<UL><LI><a href="#[10a]">&gt;&gt;</a>&nbsp;&nbsp;&nbsp;_printf_fp_hex
</UL>

<P><STRONG><a name="[3e5]"></a>_printf_ll</STRONG> (Thumb, 0 bytes, Stack size unknown bytes, _printf_ll.o(.ARM.Collect$$_printf_percent$$00000007))

<P><STRONG><a name="[10b]"></a>_printf_i</STRONG> (Thumb, 0 bytes, Stack size unknown bytes, _printf_i.o(.ARM.Collect$$_printf_percent$$00000008))
[...]
</UL>

<P><STRONG><a name="[318]"></a>OUTLINED_FUNCTION_4</STRONG> (Thumb, 12 bytes, Stack size 0 bytes, jpuapifunc_rt.o(.text))
<BR><BR>[Calls]<UL><LI><a href="#[28]">&gt;&gt;</a>&nbsp;&nbsp;&nbsp;JpuGbuGetBit
</UL>
<BR>[Called By]<UL><LI><a href="#[31c]">&gt;&gt;</a>&nbsp;&nbsp;&nbsp;decode_dth_header
<LI><a href="#[31a]">&gt;&gt;</a>&nbsp;&nbsp;&nbsp;decode_dqt_header
<LI><a href="#[319]">&gt;&gt;</a>&nbsp;&nbsp;&nbsp;decode_dri_header
<LI><a href="#[316]">&gt;&gt;</a>&nbsp;&nbsp;&nbsp;decode_app_header
</UL>

<P><STRONG><a name="[320]"></a>wraparound_bistream_data</STRONG> (Thumb, 230 bytes, Stack size 40 bytes, jpuapifunc_rt.o(.text))
<BR><BR>[Stack]<UL><LI>Max Depth = 160 + Unknown Stack Size
<LI>Call Chain = wraparound_bistream_data &rArr; jpg_malloc &rArr; tlsf_malloc &rArr; block_prepare_used &rArr; block_split &rArr; block_mark_as_free &rArr; block_link_next &rArr; block_next
</UL>
<BR>[Calls]<UL><LI><a href="#[325]">&gt;&gt;</a>&nbsp;&nbsp;&nbsp;jpg_free
<LI><a href="#[323]">&gt;&gt;</a>&nbsp;&nbsp;&nbsp;jpg_malloc
<LI><a href="#[2fe]">&gt;&gt;</a>&nbsp;&nbsp;&nbsp;jdi_read_memory
<LI><a href="#[2f9]">&gt;&gt;</a>&nbsp;&nbsp;&nbsp;jdi_write_memory
<LI><a href="#[324]">&gt;&gt;</a>&nbsp;&nbsp;&nbsp;__aeabi_memclr
<LI><a href="#[9f]">&gt;&gt;</a>&nbsp;&nbsp;&nbsp;__aeabi_memcpy
</UL>
<BR>[Called By]<UL><LI><a href="#[31f]">&gt;&gt;</a>&nbsp;&nbsp;&nbsp;JpegDecodeHeader
</UL>

<P><STRONG><a name="[321]"></a>OUTLINED_FUNCTION_9</STRONG> (Thumb, 22 bytes, Stack size 0 bytes, jpuapifunc_rt.o(.text))
<BR><BR>[Called By]<UL><LI><a href="#[31f]">&gt;&gt;</a>&nbsp;&nbsp;&nbsp;JpegDecodeHeader
</UL>

<P><STRONG><a name="[322]"></a>OUTLINED_FUNCTION_7</STRONG> (Thumb, 26 bytes, Stack size 0 bytes, jpuapifunc_rt.o(.text))
<BR><BR>[Called By]<UL><LI><a href="#[31f]">&gt;&gt;</a>&nbsp;&nbsp;&nbsp;JpegDecodeHeader
</UL>

<P><STRONG><a name="[335]"></a>OUTLINED_FUNCTION_2</STRONG> (Thumb, 6 bytes, Stack size 0 bytes, jpuapi.o(.text))
<BR><BR>[Stack]<UL><LI>Max Depth = 16 + Unknown Stack Size
<LI>Call Chain = OUTLINED_FUNCTION_2 &rArr; JpgSetClockGate &rArr; OUTLINED_FUNCTION_12 &rArr; jdi_get_instance_pool
</UL>
<BR>[Calls]<UL><LI><a href="#[328]">&gt;&gt;</a>&nbsp;&nbsp;&nbsp;JpgSetClockGate
</UL>
<BR>[Called By]<UL><LI><a href="#[359]">&gt;&gt;</a>&nbsp;&nbsp;&nbsp;JPU_EncCompleteStop
<LI><a href="#[358]">&gt;&gt;</a>&nbsp;&nbsp;&nbsp;JPU_EncIssueStop
<LI><a href="#[357]">&gt;&gt;</a>&nbsp;&nbsp;&nbsp;JPU_EncUpdateBitstreamBuffer
<LI><a href="#[356]">&gt;&gt;</a>&nbsp;&nbsp;&nbsp;JPU_EncGetBitstreamBuffer
<LI><a href="#[348]">&gt;&gt;</a>&nbsp;&nbsp;&nbsp;JPU_DecCompleteStop
<LI><a href="#[347]">&gt;&gt;</a>&nbsp;&nbsp;&nbsp;JPU_DecIssueStop
<LI><a href="#[333]">&gt;&gt;</a>&nbsp;&nbsp;&nbsp;JPU_WaitInterrupt
<LI><a href="#[2fa]">&gt;&gt;</a>&nbsp;&nbsp;&nbsp;JPU_DecUpdateBitstreamBuffer
</UL>

<P><STRONG><a name="[336]"></a>OUTLINED_FUNCTION_6</STRONG> (Thumb, 6 bytes, Stack size 0 bytes, jpuapi.o(.text))
<BR><BR>[Stack]<UL><LI>Max Depth = 16 + Unknown Stack Size
<LI>Call Chain = OUTLINED_FUNCTION_6 &rArr; JpgSetClockGate &rArr; OUTLINED_FUNCTION_12 &rArr; jdi_get_instance_pool
</UL>
<BR>[Calls]<UL><LI><a href="#[328]">&gt;&gt;</a>&nbsp;&nbsp;&nbsp;JpgSetClockGate
</UL>
<BR>[Called By]<UL><LI><a href="#[359]">&gt;&gt;</a>&nbsp;&nbsp;&nbsp;JPU_EncCompleteStop
<LI><a href="#[357]">&gt;&gt;</a>&nbsp;&nbsp;&nbsp;JPU_EncUpdateBitstreamBuffer
<LI><a href="#[356]">&gt;&gt;</a>&nbsp;&nbsp;&nbsp;JPU_EncGetBitstreamBuffer
<LI><a href="#[348]">&gt;&gt;</a>&nbsp;&nbsp;&nbsp;JPU_DecCompleteStop
<LI><a href="#[333]">&gt;&gt;</a>&nbsp;&nbsp;&nbsp;JPU_WaitInterrupt
</UL>

<P><STRONG><a name="[340]"></a>OUTLINED_FUNCTION_0</STRONG> (Thumb, 14 bytes, Stack size 0 bytes, jpuapi.o(.text))
<BR><BR>[Called By]<UL><LI><a href="#[33e]">&gt;&gt;</a>&nbsp;&nbsp;&nbsp;JPU_DecOpen
</UL>

<P><STRONG><a name="[342]"></a>OUTLINED_FUNCTION_1</STRONG> (Thumb, 6 bytes, Stack size 0 bytes, jpuapi.o(.text))
<BR><BR>[Stack]<UL><LI>Max Depth = 16 + Unknown Stack Size
<LI>Call Chain = OUTLINED_FUNCTION_1 &rArr; CheckJpgInstValidity &rArr; OUTLINED_FUNCTION_12 &rArr; jdi_get_instance_pool
</UL>
<BR>[Calls]<UL><LI><a href="#[307]">&gt;&gt;</a>&nbsp;&nbsp;&nbsp;CheckJpgInstValidity
</UL>
<BR>[Called By]<UL><LI><a href="#[35a]">&gt;&gt;</a>&nbsp;&nbsp;&nbsp;JPU_EncSetWrPtr
<LI><a href="#[359]">&gt;&gt;</a>&nbsp;&nbsp;&nbsp;JPU_EncCompleteStop
<LI><a href="#[358]">&gt;&gt;</a>&nbsp;&nbsp;&nbsp;JPU_EncIssueStop
<LI><a href="#[357]">&gt;&gt;</a>&nbsp;&nbsp;&nbsp;JPU_EncUpdateBitstreamBuffer
<LI><a href="#[34a]">&gt;&gt;</a>&nbsp;&nbsp;&nbsp;JPU_DecSetRdPtrEx
<LI><a href="#[349]">&gt;&gt;</a>&nbsp;&nbsp;&nbsp;JPU_DecSetRdPtr
<LI><a href="#[348]">&gt;&gt;</a>&nbsp;&nbsp;&nbsp;JPU_DecCompleteStop
<LI><a href="#[347]">&gt;&gt;</a>&nbsp;&nbsp;&nbsp;JPU_DecIssueStop
<LI><a href="#[343]">&gt;&gt;</a>&nbsp;&nbsp;&nbsp;JPU_DecGetInitialInfo
<LI><a href="#[341]">&gt;&gt;</a>&nbsp;&nbsp;&nbsp;JPU_DecClose
<LI><a href="#[2fa]">&gt;&gt;</a>&nbsp;&nbsp;&nbsp;JPU_DecUpdateBitstreamBuffer
</UL>

<P><STRONG><a name="[34c]"></a>OUTLINED_FUNCTION_3</STRONG> (Thumb, 6 bytes, Stack size 0 bytes, jpuapi.o(.text))
<BR><BR>[Stack]<UL><LI>Max Depth = 16 + Unknown Stack Size
<LI>Call Chain = OUTLINED_FUNCTION_3 &rArr; CheckJpgInstValidity &rArr; OUTLINED_FUNCTION_12 &rArr; jdi_get_instance_pool
</UL>
<BR>[Calls]<UL><LI><a href="#[307]">&gt;&gt;</a>&nbsp;&nbsp;&nbsp;CheckJpgInstValidity
</UL>
<BR>[Called By]<UL><LI><a href="#[35d]">&gt;&gt;</a>&nbsp;&nbsp;&nbsp;JPU_EncGiveCommand
<LI><a href="#[35c]">&gt;&gt;</a>&nbsp;&nbsp;&nbsp;JPU_EncGetOutputInfo
<LI><a href="#[35b]">&gt;&gt;</a>&nbsp;&nbsp;&nbsp;JPU_EncStartOneFrame
<LI><a href="#[355]">&gt;&gt;</a>&nbsp;&nbsp;&nbsp;JPU_EncGetInitialInfo
<LI><a href="#[354]">&gt;&gt;</a>&nbsp;&nbsp;&nbsp;JPU_EncClose
<LI><a href="#[2a]">&gt;&gt;</a>&nbsp;&nbsp;&nbsp;JPU_DecGiveCommand
<LI><a href="#[350]">&gt;&gt;</a>&nbsp;&nbsp;&nbsp;JPU_DecGetOutputInfo
<LI><a href="#[34b]">&gt;&gt;</a>&nbsp;&nbsp;&nbsp;JPU_DecStartOneFrame
</UL>

<P><STRONG><a name="[34d]"></a>OUTLINED_FUNCTION_4</STRONG> (Thumb, 18 bytes, Stack size 0 bytes, jpuapi.o(.text))
<BR><BR>[Called By]<UL><LI><a href="#[34b]">&gt;&gt;</a>&nbsp;&nbsp;&nbsp;JPU_DecStartOneFrame
</UL>

<P><STRONG><a name="[34e]"></a>OUTLINED_FUNCTION_5</STRONG> (Thumb, 18 bytes, Stack size 0 bytes, jpuapi.o(.text))
<BR><BR>[Called By]<UL><LI><a href="#[350]">&gt;&gt;</a>&nbsp;&nbsp;&nbsp;JPU_DecGetOutputInfo
<LI><a href="#[34b]">&gt;&gt;</a>&nbsp;&nbsp;&nbsp;JPU_DecStartOneFrame
</UL>

<P><STRONG><a name="[351]"></a>OUTLINED_FUNCTION_7</STRONG> (Thumb, 6 bytes, Stack size 0 bytes, jpuapi.o(.text))
<BR><BR>[Calls]<UL><LI><a href="#[29]">&gt;&gt;</a>&nbsp;&nbsp;&nbsp;jdi_read_register
</UL>
<BR>[Called By]<UL><LI><a href="#[35c]">&gt;&gt;</a>&nbsp;&nbsp;&nbsp;JPU_EncGetOutputInfo
<LI><a href="#[357]">&gt;&gt;</a>&nbsp;&nbsp;&nbsp;JPU_EncUpdateBitstreamBuffer
<LI><a href="#[350]">&gt;&gt;</a>&nbsp;&nbsp;&nbsp;JPU_DecGetOutputInfo
</UL>

<P><STRONG><a name="[35f]"></a>OUTLINED_FUNCTION_0</STRONG> (Thumb, 6 bytes, Stack size 0 bytes, jpeg_decoder.o(.text))
<BR><BR>[Called By]<UL><LI><a href="#[241]">&gt;&gt;</a>&nbsp;&nbsp;&nbsp;CODA_Test
<LI><a href="#[35e]">&gt;&gt;</a>&nbsp;&nbsp;&nbsp;RCC_MJPEG_Config_Enable
</UL>

<P><STRONG><a name="[362]"></a>OUTLINED_FUNCTION_2</STRONG> (Thumb, 6 bytes, Stack size 0 bytes, jpeg_decoder.o(.text))
<BR><BR>[Called By]<UL><LI><a href="#[241]">&gt;&gt;</a>&nbsp;&nbsp;&nbsp;CODA_Test
</UL>

<P><STRONG><a name="[367]"></a>OUTLINED_FUNCTION_1</STRONG> (Thumb, 22 bytes, Stack size 0 bytes, jpeg_decoder.o(.text))
<BR><BR>[Called By]<UL><LI><a href="#[241]">&gt;&gt;</a>&nbsp;&nbsp;&nbsp;CODA_Test
</UL>

<P><STRONG><a name="[36a]"></a>jpu_swap_endian</STRONG> (Thumb, 106 bytes, Stack size 16 bytes, jdi.o(.text))
<BR><BR>[Stack]<UL><LI>Max Depth = 16<LI>Call Chain = jpu_swap_endian
</UL>
<BR>[Called By]<UL><LI><a href="#[2fe]">&gt;&gt;</a>&nbsp;&nbsp;&nbsp;jdi_read_memory
<LI><a href="#[2f9]">&gt;&gt;</a>&nbsp;&nbsp;&nbsp;jdi_write_memory
</UL>

<P><STRONG><a name="[36c]"></a>OUTLINED_FUNCTION_0</STRONG> (Thumb, 8 bytes, Stack size 0 bytes, tlsf.o(.text))
<BR><BR>[Called By]<UL><LI><a href="#[387]">&gt;&gt;</a>&nbsp;&nbsp;&nbsp;tlsf_realloc
<LI><a href="#[382]">&gt;&gt;</a>&nbsp;&nbsp;&nbsp;tlsf_free
<LI><a href="#[380]">&gt;&gt;</a>&nbsp;&nbsp;&nbsp;tlsf_memalign
<LI><a href="#[379]">&gt;&gt;</a>&nbsp;&nbsp;&nbsp;tlsf_create_with_pool
<LI><a href="#[376]">&gt;&gt;</a>&nbsp;&nbsp;&nbsp;tlsf_remove_pool
<LI><a href="#[36b]">&gt;&gt;</a>&nbsp;&nbsp;&nbsp;tlsf_check
<LI><a href="#[386]">&gt;&gt;</a>&nbsp;&nbsp;&nbsp;block_merge_next
<LI><a href="#[385]">&gt;&gt;</a>&nbsp;&nbsp;&nbsp;block_absorb
<LI><a href="#[381]">&gt;&gt;</a>&nbsp;&nbsp;&nbsp;align_ptr
<LI><a href="#[37e]">&gt;&gt;</a>&nbsp;&nbsp;&nbsp;block_split
<LI><a href="#[37d]">&gt;&gt;</a>&nbsp;&nbsp;&nbsp;adjust_request_size
<LI><a href="#[37c]">&gt;&gt;</a>&nbsp;&nbsp;&nbsp;block_prepare_used
<LI><a href="#[37b]">&gt;&gt;</a>&nbsp;&nbsp;&nbsp;block_locate_free
<LI><a href="#[377]">&gt;&gt;</a>&nbsp;&nbsp;&nbsp;remove_free_block
<LI><a href="#[374]">&gt;&gt;</a>&nbsp;&nbsp;&nbsp;block_insert
<LI><a href="#[2c]">&gt;&gt;</a>&nbsp;&nbsp;&nbsp;integrity_walker
<LI><a href="#[36f]">&gt;&gt;</a>&nbsp;&nbsp;&nbsp;block_next
</UL>

<P><STRONG><a name="[36d]"></a>OUTLINED_FUNCTION_2</STRONG> (Thumb, 6 bytes, Stack size 0 bytes, tlsf.o(.text), UNUSED)
<BR><BR>[Calls]<UL><LI><a href="#[36f]">&gt;&gt;</a>&nbsp;&nbsp;&nbsp;block_next
</UL>
<BR>[Called By]<UL><LI><a href="#[36b]">&gt;&gt;</a>&nbsp;&nbsp;&nbsp;tlsf_check
</UL>

<P><STRONG><a name="[36e]"></a>OUTLINED_FUNCTION_1</STRONG> (Thumb, 10 bytes, Stack size 0 bytes, tlsf.o(.text))
<BR><BR>[Called By]<UL><LI><a href="#[376]">&gt;&gt;</a>&nbsp;&nbsp;&nbsp;tlsf_remove_pool
<LI><a href="#[36b]">&gt;&gt;</a>&nbsp;&nbsp;&nbsp;tlsf_check
<LI><a href="#[37b]">&gt;&gt;</a>&nbsp;&nbsp;&nbsp;block_locate_free
<LI><a href="#[374]">&gt;&gt;</a>&nbsp;&nbsp;&nbsp;block_insert
</UL>

<P><STRONG><a name="[36f]"></a>block_next</STRONG> (Thumb, 28 bytes, Stack size 16 bytes, tlsf.o(.text))
<BR><BR>[Stack]<UL><LI>Max Depth = 16<LI>Call Chain = block_next
</UL>
<BR>[Calls]<UL><LI><a href="#[36c]">&gt;&gt;</a>&nbsp;&nbsp;&nbsp;OUTLINED_FUNCTION_0
</UL>
<BR>[Called By]<UL><LI><a href="#[387]">&gt;&gt;</a>&nbsp;&nbsp;&nbsp;tlsf_realloc
<LI><a href="#[376]">&gt;&gt;</a>&nbsp;&nbsp;&nbsp;tlsf_remove_pool
<LI><a href="#[370]">&gt;&gt;</a>&nbsp;&nbsp;&nbsp;tlsf_walk_pool
<LI><a href="#[386]">&gt;&gt;</a>&nbsp;&nbsp;&nbsp;block_merge_next
<LI><a href="#[37f]">&gt;&gt;</a>&nbsp;&nbsp;&nbsp;block_mark_as_used
<LI><a href="#[375]">&gt;&gt;</a>&nbsp;&nbsp;&nbsp;block_link_next
<LI><a href="#[36d]">&gt;&gt;</a>&nbsp;&nbsp;&nbsp;OUTLINED_FUNCTION_2
</UL>

<P><STRONG><a name="[2b]"></a>default_walker</STRONG> (Thumb, 32 bytes, Stack size 16 bytes, tlsf.o(.text))
<BR><BR>[Stack]<UL><LI>Max Depth = 160 + Unknown Stack Size
<LI>Call Chain = default_walker &rArr; __2printf &rArr; _printf_char_file &rArr; _printf_char_common &rArr; __printf
</UL>
<BR>[Calls]<UL><LI><a href="#[371]">&gt;&gt;</a>&nbsp;&nbsp;&nbsp;__2printf
</UL>
<BR>[Address Reference Count : 1]<UL><LI> tlsf.o(.text)
</UL>
<P><STRONG><a name="[2c]"></a>integrity_walker</STRONG> (Thumb, 92 bytes, Stack size 32 bytes, tlsf.o(.text))
<BR><BR>[Stack]<UL><LI>Max Depth = 32<LI>Call Chain = integrity_walker
</UL>
<BR>[Calls]<UL><LI><a href="#[36c]">&gt;&gt;</a>&nbsp;&nbsp;&nbsp;OUTLINED_FUNCTION_0
</UL>
<BR>[Address Reference Count : 1]<UL><LI> tlsf.o(.text)
</UL>
<P><STRONG><a name="[374]"></a>block_insert</STRONG> (Thumb, 128 bytes, Stack size 32 bytes, tlsf.o(.text))
<BR><BR>[Stack]<UL><LI>Max Depth = 32<LI>Call Chain = block_insert
</UL>
<BR>[Calls]<UL><LI><a href="#[36e]">&gt;&gt;</a>&nbsp;&nbsp;&nbsp;OUTLINED_FUNCTION_1
<LI><a href="#[36c]">&gt;&gt;</a>&nbsp;&nbsp;&nbsp;OUTLINED_FUNCTION_0
</UL>
<BR>[Called By]<UL><LI><a href="#[387]">&gt;&gt;</a>&nbsp;&nbsp;&nbsp;tlsf_realloc
<LI><a href="#[382]">&gt;&gt;</a>&nbsp;&nbsp;&nbsp;tlsf_free
<LI><a href="#[380]">&gt;&gt;</a>&nbsp;&nbsp;&nbsp;tlsf_memalign
<LI><a href="#[373]">&gt;&gt;</a>&nbsp;&nbsp;&nbsp;tlsf_add_pool
<LI><a href="#[37c]">&gt;&gt;</a>&nbsp;&nbsp;&nbsp;block_prepare_used
</UL>

<P><STRONG><a name="[375]"></a>block_link_next</STRONG> (Thumb, 12 bytes, Stack size 8 bytes, tlsf.o(.text))
<BR><BR>[Stack]<UL><LI>Max Depth = 24<LI>Call Chain = block_link_next &rArr; block_next
</UL>
<BR>[Calls]<UL><LI><a href="#[36f]">&gt;&gt;</a>&nbsp;&nbsp;&nbsp;block_next
</UL>
<BR>[Called By]<UL><LI><a href="#[380]">&gt;&gt;</a>&nbsp;&nbsp;&nbsp;tlsf_memalign
<LI><a href="#[373]">&gt;&gt;</a>&nbsp;&nbsp;&nbsp;tlsf_add_pool
<LI><a href="#[385]">&gt;&gt;</a>&nbsp;&nbsp;&nbsp;block_absorb
<LI><a href="#[383]">&gt;&gt;</a>&nbsp;&nbsp;&nbsp;block_mark_as_free
<LI><a href="#[37c]">&gt;&gt;</a>&nbsp;&nbsp;&nbsp;block_prepare_used
</UL>

<P><STRONG><a name="[377]"></a>remove_free_block</STRONG> (Thumb, 104 bytes, Stack size 32 bytes, tlsf.o(.text))
<BR><BR>[Stack]<UL><LI>Max Depth = 32<LI>Call Chain = remove_free_block
</UL>
<BR>[Calls]<UL><LI><a href="#[36c]">&gt;&gt;</a>&nbsp;&nbsp;&nbsp;OUTLINED_FUNCTION_0
</UL>
<BR>[Called By]<UL><LI><a href="#[376]">&gt;&gt;</a>&nbsp;&nbsp;&nbsp;tlsf_remove_pool
<LI><a href="#[384]">&gt;&gt;</a>&nbsp;&nbsp;&nbsp;block_remove
<LI><a href="#[37b]">&gt;&gt;</a>&nbsp;&nbsp;&nbsp;block_locate_free
</UL>

<P><STRONG><a name="[37b]"></a>block_locate_free</STRONG> (Thumb, 196 bytes, Stack size 24 bytes, tlsf.o(.text))
<BR><BR>[Stack]<UL><LI>Max Depth = 56<LI>Call Chain = block_locate_free &rArr; remove_free_block
</UL>
<BR>[Calls]<UL><LI><a href="#[377]">&gt;&gt;</a>&nbsp;&nbsp;&nbsp;remove_free_block
<LI><a href="#[36e]">&gt;&gt;</a>&nbsp;&nbsp;&nbsp;OUTLINED_FUNCTION_1
<LI><a href="#[36c]">&gt;&gt;</a>&nbsp;&nbsp;&nbsp;OUTLINED_FUNCTION_0
</UL>
<BR>[Called By]<UL><LI><a href="#[380]">&gt;&gt;</a>&nbsp;&nbsp;&nbsp;tlsf_memalign
<LI><a href="#[37a]">&gt;&gt;</a>&nbsp;&nbsp;&nbsp;tlsf_malloc
</UL>

<P><STRONG><a name="[37c]"></a>block_prepare_used</STRONG> (Thumb, 96 bytes, Stack size 16 bytes, tlsf.o(.text))
<BR><BR>[Stack]<UL><LI>Max Depth = 80<LI>Call Chain = block_prepare_used &rArr; block_split &rArr; block_mark_as_free &rArr; block_link_next &rArr; block_next
</UL>
<BR>[Calls]<UL><LI><a href="#[37f]">&gt;&gt;</a>&nbsp;&nbsp;&nbsp;block_mark_as_used
<LI><a href="#[37e]">&gt;&gt;</a>&nbsp;&nbsp;&nbsp;block_split
<LI><a href="#[375]">&gt;&gt;</a>&nbsp;&nbsp;&nbsp;block_link_next
<LI><a href="#[374]">&gt;&gt;</a>&nbsp;&nbsp;&nbsp;block_insert
<LI><a href="#[36c]">&gt;&gt;</a>&nbsp;&nbsp;&nbsp;OUTLINED_FUNCTION_0
</UL>
<BR>[Called By]<UL><LI><a href="#[380]">&gt;&gt;</a>&nbsp;&nbsp;&nbsp;tlsf_memalign
<LI><a href="#[37a]">&gt;&gt;</a>&nbsp;&nbsp;&nbsp;tlsf_malloc
</UL>

<P><STRONG><a name="[37d]"></a>adjust_request_size</STRONG> (Thumb, 52 bytes, Stack size 16 bytes, tlsf.o(.text), UNUSED)
<BR><BR>[Calls]<UL><LI><a href="#[36c]">&gt;&gt;</a>&nbsp;&nbsp;&nbsp;OUTLINED_FUNCTION_0
</UL>
<BR>[Called By]<UL><LI><a href="#[380]">&gt;&gt;</a>&nbsp;&nbsp;&nbsp;tlsf_memalign
</UL>

<P><STRONG><a name="[37e]"></a>block_split</STRONG> (Thumb, 128 bytes, Stack size 32 bytes, tlsf.o(.text))
<BR><BR>[Stack]<UL><LI>Max Depth = 64<LI>Call Chain = block_split &rArr; block_mark_as_free &rArr; block_link_next &rArr; block_next
</UL>
<BR>[Calls]<UL><LI><a href="#[383]">&gt;&gt;</a>&nbsp;&nbsp;&nbsp;block_mark_as_free
<LI><a href="#[36c]">&gt;&gt;</a>&nbsp;&nbsp;&nbsp;OUTLINED_FUNCTION_0
</UL>
<BR>[Called By]<UL><LI><a href="#[387]">&gt;&gt;</a>&nbsp;&nbsp;&nbsp;tlsf_realloc
<LI><a href="#[380]">&gt;&gt;</a>&nbsp;&nbsp;&nbsp;tlsf_memalign
<LI><a href="#[37c]">&gt;&gt;</a>&nbsp;&nbsp;&nbsp;block_prepare_used
</UL>

<P><STRONG><a name="[37f]"></a>block_mark_as_used</STRONG> (Thumb, 26 bytes, Stack size 8 bytes, tlsf.o(.text))
<BR><BR>[Stack]<UL><LI>Max Depth = 24<LI>Call Chain = block_mark_as_used &rArr; block_next
</UL>
<BR>[Calls]<UL><LI><a href="#[36f]">&gt;&gt;</a>&nbsp;&nbsp;&nbsp;block_next
</UL>
<BR>[Called By]<UL><LI><a href="#[387]">&gt;&gt;</a>&nbsp;&nbsp;&nbsp;tlsf_realloc
<LI><a href="#[37c]">&gt;&gt;</a>&nbsp;&nbsp;&nbsp;block_prepare_used
</UL>

<P><STRONG><a name="[381]"></a>align_ptr</STRONG> (Thumb, 32 bytes, Stack size 16 bytes, tlsf.o(.text), UNUSED)
<BR><BR>[Calls]<UL><LI><a href="#[36c]">&gt;&gt;</a>&nbsp;&nbsp;&nbsp;OUTLINED_FUNCTION_0
</UL>
<BR>[Called By]<UL><LI><a href="#[380]">&gt;&gt;</a>&nbsp;&nbsp;&nbsp;tlsf_memalign
</UL>

<P><STRONG><a name="[383]"></a>block_mark_as_free</STRONG> (Thumb, 26 bytes, Stack size 8 bytes, tlsf.o(.text))
<BR><BR>[Stack]<UL><LI>Max Depth = 32<LI>Call Chain = block_mark_as_free &rArr; block_link_next &rArr; block_next
</UL>
<BR>[Calls]<UL><LI><a href="#[375]">&gt;&gt;</a>&nbsp;&nbsp;&nbsp;block_link_next
</UL>
<BR>[Called By]<UL><LI><a href="#[382]">&gt;&gt;</a>&nbsp;&nbsp;&nbsp;tlsf_free
<LI><a href="#[37e]">&gt;&gt;</a>&nbsp;&nbsp;&nbsp;block_split
</UL>

<P><STRONG><a name="[384]"></a>block_remove</STRONG> (Thumb, 42 bytes, Stack size 8 bytes, tlsf.o(.text))
<BR><BR>[Stack]<UL><LI>Max Depth = 40<LI>Call Chain = block_remove &rArr; remove_free_block
</UL>
<BR>[Calls]<UL><LI><a href="#[377]">&gt;&gt;</a>&nbsp;&nbsp;&nbsp;remove_free_block
</UL>
<BR>[Called By]<UL><LI><a href="#[382]">&gt;&gt;</a>&nbsp;&nbsp;&nbsp;tlsf_free
<LI><a href="#[386]">&gt;&gt;</a>&nbsp;&nbsp;&nbsp;block_merge_next
</UL>

<P><STRONG><a name="[385]"></a>block_absorb</STRONG> (Thumb, 44 bytes, Stack size 16 bytes, tlsf.o(.text))
<BR><BR>[Stack]<UL><LI>Max Depth = 40<LI>Call Chain = block_absorb &rArr; block_link_next &rArr; block_next
</UL>
<BR>[Calls]<UL><LI><a href="#[375]">&gt;&gt;</a>&nbsp;&nbsp;&nbsp;block_link_next
<LI><a href="#[36c]">&gt;&gt;</a>&nbsp;&nbsp;&nbsp;OUTLINED_FUNCTION_0
</UL>
<BR>[Called By]<UL><LI><a href="#[382]">&gt;&gt;</a>&nbsp;&nbsp;&nbsp;tlsf_free
<LI><a href="#[386]">&gt;&gt;</a>&nbsp;&nbsp;&nbsp;block_merge_next
</UL>

<P><STRONG><a name="[386]"></a>block_merge_next</STRONG> (Thumb, 64 bytes, Stack size 16 bytes, tlsf.o(.text))
<BR><BR>[Stack]<UL><LI>Max Depth = 56<LI>Call Chain = block_merge_next &rArr; block_absorb &rArr; block_link_next &rArr; block_next
</UL>
<BR>[Calls]<UL><LI><a href="#[385]">&gt;&gt;</a>&nbsp;&nbsp;&nbsp;block_absorb
<LI><a href="#[384]">&gt;&gt;</a>&nbsp;&nbsp;&nbsp;block_remove
<LI><a href="#[36f]">&gt;&gt;</a>&nbsp;&nbsp;&nbsp;block_next
<LI><a href="#[36c]">&gt;&gt;</a>&nbsp;&nbsp;&nbsp;OUTLINED_FUNCTION_0
</UL>
<BR>[Called By]<UL><LI><a href="#[387]">&gt;&gt;</a>&nbsp;&nbsp;&nbsp;tlsf_realloc
<LI><a href="#[382]">&gt;&gt;</a>&nbsp;&nbsp;&nbsp;tlsf_free
</UL>

<P><STRONG><a name="[3db]"></a>_dadd1</STRONG> (Thumb, 0 bytes, Stack size unknown bytes, daddsub_clz.o(x$fpl$dadd), UNUSED)
<BR><BR>[Called By]<UL><LI><a href="#[3da]">&gt;&gt;</a>&nbsp;&nbsp;&nbsp;_dsub
</UL>

<P><STRONG><a name="[3d3]"></a>_dsub1</STRONG> (Thumb, 0 bytes, Stack size unknown bytes, daddsub_clz.o(x$fpl$dsub), UNUSED)
<BR><BR>[Called By]<UL><LI><a href="#[3d2]">&gt;&gt;</a>&nbsp;&nbsp;&nbsp;_dadd
</UL>

<P><STRONG><a name="[2e]"></a>_printf_input_char</STRONG> (Thumb, 10 bytes, Stack size 0 bytes, _printf_char_common.o(.text))
<BR>[Address Reference Count : 1]<UL><LI> _printf_char_common.o(.text)
</UL>
<P><STRONG><a name="[39d]"></a>_fp_digits</STRONG> (Thumb, 432 bytes, Stack size 96 bytes, _printf_fp_dec.o(.text))
<BR><BR>[Stack]<UL><LI>Max Depth = 220<LI>Call Chain = _fp_digits &rArr; _btod_etento &rArr; _btod_emul &rArr; _e2e
</UL>
<BR>[Calls]<UL><LI><a href="#[3a1]">&gt;&gt;</a>&nbsp;&nbsp;&nbsp;_btod_emul
<LI><a href="#[3a0]">&gt;&gt;</a>&nbsp;&nbsp;&nbsp;_btod_ediv
<LI><a href="#[39f]">&gt;&gt;</a>&nbsp;&nbsp;&nbsp;_btod_d2e
<LI><a href="#[39e]">&gt;&gt;</a>&nbsp;&nbsp;&nbsp;_btod_etento
<LI><a href="#[39b]">&gt;&gt;</a>&nbsp;&nbsp;&nbsp;_ll_udiv10
</UL>
<BR>[Called By]<UL><LI><a href="#[3a2]">&gt;&gt;</a>&nbsp;&nbsp;&nbsp;_printf_fp_dec_real
</UL>
<P>
<H3>
Undefined Global Symbols
</H3><HR></body></html>
